1-digit sums (never trained), walk -> per-place value equality -> path -> walk: exact 1.000   carries=0 1.000(n=1000)
2-digit sums (never trained), walk -> per-place value equality -> path -> walk: exact 1.000   carries=0 1.000(n=584)  carries=1 1.000(n=416)
3-digit sums (never trained), walk -> per-place value equality -> path -> walk: exact 1.000   carries=0 1.000(n=323)  carries=1 1.000(n=446)  carries=2 1.000(n=231)
4-digit sums (never trained), walk -> per-place value equality -> path -> walk: exact 1.000   carries=0 1.000(n=180)  carries=1 1.000(n=375)  carries=2 1.000(n=315)  carries=3+ 1.000(n=130)
5-digit sums (never trained), walk -> per-place value equality -> path -> walk: exact 1.000   carries=0 1.000(n=92)  carries=1 1.000(n=282)  carries=2 1.000(n=331)  carries=3+ 1.000(n=295)
6-digit sums (never trained), walk -> per-place value equality -> path -> walk: exact 1.000   carries=0 1.000(n=50)  carries=1 1.000(n=165)  carries=2 1.000(n=305)  carries=3+ 1.000(n=480)
7-digit sums (never trained), walk -> per-place value equality -> path -> walk: exact 1.000   carries=0 1.000(n=39)  carries=1 1.000(n=132)  carries=2 1.000(n=225)  carries=3+ 1.000(n=604)
23 + 45 = 68:   read 68
47 + 35 = 82:   read 82
123456 + 111111 = 234567:   read 234567
999999 + 1 = 1000000:   read 1000000
4999999 + 4999999 = 9999998:   read 9999998
347 + 653 = 1000:   read 1000
== dev_v1 validation
  compose arithmetic_variation [B]                               n= 286  exact 1.000
  compose place_value [B]                                        n=  88  exact 1.000
  compose strict_unseen_addition [C_validation]                  n= 138  exact 1.000
  compose strict_unseen_place_value [C_validation]               n= 138  exact 1.000
  decompose directional_transfer [A]                             n=  37  exact 1.000
  decompose strict_unseen_decomposition [C_validation]           n=  70  exact 1.000
== dev_v1 test
  compose arithmetic_variation [B]                               n= 257  exact 1.000
  compose place_value [B]                                        n=  82  exact 1.000
  compose strict_unseen_addition [C_test]                        n= 189  exact 1.000
  compose strict_unseen_place_value [C_test]                     n= 192  exact 1.000
  decompose directional_transfer [A]                             n=  50  exact 1.000
  decompose strict_unseen_decomposition [C_test]                 n=  96  exact 1.000
saved results/add_program (135s)
