step 1/3000  loss 3.2124 (count 3.054 unbind 0.159)  counting exact 0.053  lr 0.003  tau 10.0  elapsed 1s  ETA 4122s
step 500/3000  loss 0.0051 (count 0.002 unbind 0.003)  counting exact 1.000  lr 0.003  tau 16.3  elapsed 25s  ETA 127s
step 1000/3000  loss 0.0014 (count 0.001 unbind 0.001)  counting exact 1.000  lr 0.003  tau 19.3  elapsed 50s  ETA 99s
step 1500/3000  loss 0.0006 (count 0.000 unbind 0.000)  counting exact 1.000  lr 0.003  tau 21.4  elapsed 75s  ETA 75s
step 2000/3000  loss 0.0003 (count 0.000 unbind 0.000)  counting exact 1.000  lr 0.003  tau 23.1  elapsed 100s  ETA 50s
step 2500/3000  loss 0.0002 (count 0.000 unbind 0.000)  counting exact 1.000  lr 0.003  tau 24.4  elapsed 124s  ETA 25s
step 3000/3000  loss 0.0001 (count 0.000 unbind 0.000)  counting exact 1.000  lr 0.003  tau 25.6  elapsed 147s  ETA 0s
absent-place threshold 0.334 (weakest present 0.421, strongest absent 0.246)
construct grounding                    n=  221  decode exact 1.000  nearest-other cosine mean 0.667 max 0.788
construct C_test (never seen)          n= 2000  decode exact 0.849  nearest-other cosine mean 0.755 max 0.874
construct 10000-99999 (extrapolation)  n= 2000  decode exact 0.814  nearest-other cosine mean 0.772 max 1.000
== validation
  arithmetic_variation [B]                                n= 286  exact 0.706
  arithmetic_variation+operator_change [B]                n=   2  exact 0.000
  decompose [A]                                           n=  37  exact 1.000
  decompose [C_validation]                                n=  70  exact 1.000
  grouping_change [B]                                     n=  14  exact 0.714
  grouping_change [C_validation]                          n= 214  exact 0.402
  operator_change [C_validation]                          n=  26  exact 0.731
  place_value [B]                                         n=  88  exact 1.000
  strict_unseen_addition [C_validation]                   n= 138  exact 0.623
  strict_unseen_addition+operator_change [C_validation]   n=   2  exact 1.000
  strict_unseen_place_value [C_validation]                n= 138  exact 1.000
  strict_unseen_place_value+grouping_change [C_validation] n=   2  exact 1.000
== test
  arithmetic_variation [B]                                n= 257  exact 0.650
  arithmetic_variation+operator_change [B]                n=   3  exact 0.667
  decompose [A]                                           n=  50  exact 1.000
  decompose [C_test]                                      n=  96  exact 0.948
  grouping_change [B]                                     n=   6  exact 0.333
  grouping_change [C_test]                                n= 174  exact 0.402
  operator_change [B]                                     n=   2  exact 1.000
  operator_change [C_test]                                n=  99  exact 0.566
  place_value [B]                                         n=  82  exact 1.000
  strict_unseen_addition [C_test]                         n= 189  exact 0.513
  strict_unseen_place_value [C_test]                      n= 192  exact 0.750
== train
  arithmetic_variation [A]                                n= 561  exact 0.661
  arithmetic_variation [G]                                n= 204  exact 0.789
  arithmetic_variation+operator_change [A]                n=   2  exact 0.000
  arithmetic_variation+operator_change [G]                n=   4  exact 1.000
  decompose [B]                                           n=  85  exact 1.000
  decompose [G]                                           n=  49  exact 1.000
  dense_basic [G]                                         n= 203  exact 0.823
  dense_basic+operator_change [G]                         n= 112  exact 0.661
  dense_basic+place_value [G]                             n=  19  exact 1.000
  dense_basic+place_value+operator_change [G]             n=   4  exact 1.000
  grouping_change [A]                                     n=  16  exact 0.312
  grouping_change [G]                                     n= 128  exact 0.594
  operator_change [A]                                     n=   4  exact 1.000
  operator_change [G]                                     n=   8  exact 0.500
  place_value [A]                                         n= 174  exact 1.000
  place_value [G]                                         n=  60  exact 1.000
  place_value+arithmetic_variation [G]                    n=   6  exact 1.000
  place_value+arithmetic_variation+operator_change [G]    n=   6  exact 1.000
  place_value+operator_change [G]                         n=   2  exact 1.000
saved results/areas_k16 (404s)
