step 1/3000  loss 3.6308 (count 3.464 unbind 0.166)  counting exact 0.053  lr 0.003  tau 10.0  elapsed 1s  ETA 4282s
step 500/3000  loss 0.0055 (count 0.002 unbind 0.003)  counting exact 1.000  lr 0.003  tau 16.2  elapsed 27s  ETA 133s
step 1000/3000  loss 0.0015 (count 0.001 unbind 0.001)  counting exact 1.000  lr 0.003  tau 19.2  elapsed 51s  ETA 103s
step 1500/3000  loss 0.0007 (count 0.000 unbind 0.000)  counting exact 1.000  lr 0.003  tau 21.3  elapsed 77s  ETA 77s
step 2000/3000  loss 0.0003 (count 0.000 unbind 0.000)  counting exact 1.000  lr 0.003  tau 22.9  elapsed 103s  ETA 51s
step 2500/3000  loss 0.0002 (count 0.000 unbind 0.000)  counting exact 1.000  lr 0.003  tau 24.3  elapsed 127s  ETA 25s
step 3000/3000  loss 0.0001 (count 0.000 unbind 0.000)  counting exact 1.000  lr 0.003  tau 25.5  elapsed 150s  ETA 0s
absent-place threshold 0.331 (weakest present 0.418, strongest absent 0.245)
construct grounding                    n=  221  decode exact 1.000  nearest-other cosine mean 0.668 max 0.789
construct C_test (never seen)          n= 2000  decode exact 0.933  nearest-other cosine mean 0.755 max 0.873
construct 10000-99999 (extrapolation)  n= 2000  decode exact 0.914  nearest-other cosine mean 0.772 max 1.000
== validation
  arithmetic_variation [B]                                n= 286  exact 0.738
  arithmetic_variation+operator_change [B]                n=   2  exact 0.000
  decompose [A]                                           n=  37  exact 1.000
  decompose [C_validation]                                n=  70  exact 1.000
  grouping_change [B]                                     n=  14  exact 0.857
  grouping_change [C_validation]                          n= 214  exact 0.430
  operator_change [C_validation]                          n=  26  exact 0.731
  place_value [B]                                         n=  88  exact 1.000
  strict_unseen_addition [C_validation]                   n= 138  exact 0.688
  strict_unseen_addition+operator_change [C_validation]   n=   2  exact 1.000
  strict_unseen_place_value [C_validation]                n= 138  exact 1.000
  strict_unseen_place_value+grouping_change [C_validation] n=   2  exact 1.000
== test
  arithmetic_variation [B]                                n= 257  exact 0.712
  arithmetic_variation+operator_change [B]                n=   3  exact 0.667
  decompose [A]                                           n=  50  exact 1.000
  decompose [C_test]                                      n=  96  exact 0.979
  grouping_change [B]                                     n=   6  exact 0.500
  grouping_change [C_test]                                n= 174  exact 0.437
  operator_change [B]                                     n=   2  exact 1.000
  operator_change [C_test]                                n=  99  exact 0.586
  place_value [B]                                         n=  82  exact 1.000
  strict_unseen_addition [C_test]                         n= 189  exact 0.587
  strict_unseen_place_value [C_test]                      n= 192  exact 0.865
== train
  arithmetic_variation [A]                                n= 561  exact 0.706
  arithmetic_variation [G]                                n= 204  exact 0.789
  arithmetic_variation+operator_change [A]                n=   2  exact 0.000
  arithmetic_variation+operator_change [G]                n=   4  exact 1.000
  decompose [B]                                           n=  85  exact 1.000
  decompose [G]                                           n=  49  exact 1.000
  dense_basic [G]                                         n= 203  exact 0.842
  dense_basic+operator_change [G]                         n= 112  exact 0.661
  dense_basic+place_value [G]                             n=  19  exact 1.000
  dense_basic+place_value+operator_change [G]             n=   4  exact 1.000
  grouping_change [A]                                     n=  16  exact 0.312
  grouping_change [G]                                     n= 128  exact 0.602
  operator_change [A]                                     n=   4  exact 1.000
  operator_change [G]                                     n=   8  exact 0.500
  place_value [A]                                         n= 174  exact 1.000
  place_value [G]                                         n=  60  exact 1.000
  place_value+arithmetic_variation [G]                    n=   6  exact 1.000
  place_value+arithmetic_variation+operator_change [G]    n=   6  exact 1.000
  place_value+operator_change [G]                         n=   2  exact 1.000
saved results/areas_k12 (406s)
