step 1/3000  loss 3.3458 (count 3.179 unbind 0.166)  counting exact 0.000  lr 0.003  tau 10.0  elapsed 2s  ETA 4590s
step 500/3000  loss 0.0074 (count 0.004 unbind 0.004)  counting exact 1.000  lr 0.003  tau 17.8  elapsed 29s  ETA 146s
step 1000/3000  loss 0.0019 (count 0.001 unbind 0.001)  counting exact 1.000  lr 0.003  tau 21.6  elapsed 55s  ETA 111s
step 1500/3000  loss 0.0008 (count 0.000 unbind 0.000)  counting exact 1.000  lr 0.003  tau 24.2  elapsed 80s  ETA 80s
step 2000/3000  loss 0.0004 (count 0.000 unbind 0.000)  counting exact 1.000  lr 0.003  tau 26.2  elapsed 104s  ETA 52s
step 2500/3000  loss 0.0002 (count 0.000 unbind 0.000)  counting exact 1.000  lr 0.003  tau 27.9  elapsed 128s  ETA 26s
step 3000/3000  loss 0.0001 (count 0.000 unbind 0.000)  counting exact 1.000  lr 0.003  tau 29.3  elapsed 153s  ETA 0s
absent-place threshold 0.287 (weakest present 0.326, strongest absent 0.247)
construct grounding                    n=  221  decode exact 1.000  nearest-other cosine mean 0.674 max 0.807
construct C_test (never seen)          n= 2000  decode exact 0.649  nearest-other cosine mean 0.753 max 0.867
construct 10000-99999 (extrapolation)  n= 2000  decode exact 0.587  nearest-other cosine mean 0.769 max 1.000
== validation
  arithmetic_variation [B]                                n= 286  exact 0.385
  arithmetic_variation+operator_change [B]                n=   2  exact 0.000
  decompose [A]                                           n=  37  exact 1.000
  decompose [C_validation]                                n=  70  exact 1.000
  grouping_change [B]                                     n=  14  exact 0.214
  grouping_change [C_validation]                          n= 214  exact 0.117
  operator_change [C_validation]                          n=  26  exact 0.577
  place_value [B]                                         n=  88  exact 0.466
  strict_unseen_addition [C_validation]                   n= 138  exact 0.333
  strict_unseen_addition+operator_change [C_validation]   n=   2  exact 1.000
  strict_unseen_place_value [C_validation]                n= 138  exact 0.464
  strict_unseen_place_value+grouping_change [C_validation] n=   2  exact 0.500
== test
  arithmetic_variation [B]                                n= 257  exact 0.327
  arithmetic_variation+operator_change [B]                n=   3  exact 0.667
  decompose [A]                                           n=  50  exact 1.000
  decompose [C_test]                                      n=  96  exact 0.865
  grouping_change [B]                                     n=   6  exact 0.000
  grouping_change [C_test]                                n= 174  exact 0.138
  operator_change [B]                                     n=   2  exact 1.000
  operator_change [C_test]                                n=  99  exact 0.354
  place_value [B]                                         n=  82  exact 0.451
  strict_unseen_addition [C_test]                         n= 189  exact 0.217
  strict_unseen_place_value [C_test]                      n= 192  exact 0.365
== train
  arithmetic_variation [A]                                n= 561  exact 0.357
  arithmetic_variation [G]                                n= 204  exact 0.525
  arithmetic_variation+operator_change [A]                n=   2  exact 0.000
  arithmetic_variation+operator_change [G]                n=   4  exact 0.000
  decompose [B]                                           n=  85  exact 1.000
  decompose [G]                                           n=  49  exact 1.000
  dense_basic [G]                                         n= 203  exact 0.640
  dense_basic+operator_change [G]                         n= 112  exact 0.446
  dense_basic+place_value [G]                             n=  19  exact 0.842
  dense_basic+place_value+operator_change [G]             n=   4  exact 1.000
  grouping_change [A]                                     n=  16  exact 0.250
  grouping_change [G]                                     n= 128  exact 0.289
  operator_change [A]                                     n=   4  exact 0.500
  operator_change [G]                                     n=   8  exact 0.250
  place_value [A]                                         n= 174  exact 0.517
  place_value [G]                                         n=  60  exact 0.933
  place_value+arithmetic_variation [G]                    n=   6  exact 1.000
  place_value+arithmetic_variation+operator_change [G]    n=   6  exact 1.000
  place_value+operator_change [G]                         n=   2  exact 1.000
saved results/areas_k12_unitary (514s)
