step 1/3000  loss 3.5889 (count 3.395 unbind 0.194)  counting exact 0.000  lr 0.003  tau 10.0  elapsed 2s  ETA 5115s
step 500/3000  loss 0.0079 (count 0.004 unbind 0.004)  counting exact 1.000  lr 0.003  tau 17.6  elapsed 30s  ETA 148s
step 1000/3000  loss 0.0021 (count 0.001 unbind 0.001)  counting exact 1.000  lr 0.003  tau 21.5  elapsed 56s  ETA 113s
step 1500/3000  loss 0.0009 (count 0.000 unbind 0.000)  counting exact 1.000  lr 0.003  tau 24.0  elapsed 81s  ETA 81s
step 2000/3000  loss 0.0004 (count 0.000 unbind 0.000)  counting exact 1.000  lr 0.003  tau 26.0  elapsed 106s  ETA 53s
step 2500/3000  loss 0.0003 (count 0.000 unbind 0.000)  counting exact 1.000  lr 0.003  tau 27.7  elapsed 131s  ETA 26s
step 3000/3000  loss 0.0002 (count 0.000 unbind 0.000)  counting exact 1.000  lr 0.003  tau 29.1  elapsed 155s  ETA 0s
absent-place threshold 0.283 (weakest present 0.319, strongest absent 0.248)
construct grounding                    n=  221  decode exact 1.000  nearest-other cosine mean 0.675 max 0.808
construct C_test (never seen)          n= 2000  decode exact 0.592  nearest-other cosine mean 0.756 max 0.879
construct 10000-99999 (extrapolation)  n= 2000  decode exact 0.543  nearest-other cosine mean 0.772 max 1.000
== validation
  arithmetic_variation [B]                                n= 286  exact 0.385
  arithmetic_variation+operator_change [B]                n=   2  exact 0.000
  decompose [A]                                           n=  37  exact 1.000
  decompose [C_validation]                                n=  70  exact 1.000
  grouping_change [B]                                     n=  14  exact 0.071
  grouping_change [C_validation]                          n= 214  exact 0.131
  operator_change [C_validation]                          n=  26  exact 0.500
  place_value [B]                                         n=  88  exact 0.409
  strict_unseen_addition [C_validation]                   n= 138  exact 0.362
  strict_unseen_addition+operator_change [C_validation]   n=   2  exact 0.500
  strict_unseen_place_value [C_validation]                n= 138  exact 0.457
  strict_unseen_place_value+grouping_change [C_validation] n=   2  exact 0.500
== test
  arithmetic_variation [B]                                n= 257  exact 0.377
  arithmetic_variation+operator_change [B]                n=   3  exact 0.667
  decompose [A]                                           n=  50  exact 1.000
  decompose [C_test]                                      n=  96  exact 0.865
  grouping_change [B]                                     n=   6  exact 0.000
  grouping_change [C_test]                                n= 174  exact 0.126
  operator_change [B]                                     n=   2  exact 1.000
  operator_change [C_test]                                n=  99  exact 0.394
  place_value [B]                                         n=  82  exact 0.427
  strict_unseen_addition [C_test]                         n= 189  exact 0.275
  strict_unseen_place_value [C_test]                      n= 192  exact 0.417
== train
  arithmetic_variation [A]                                n= 561  exact 0.362
  arithmetic_variation [G]                                n= 204  exact 0.544
  arithmetic_variation+operator_change [A]                n=   2  exact 0.000
  arithmetic_variation+operator_change [G]                n=   4  exact 0.000
  decompose [B]                                           n=  85  exact 1.000
  decompose [G]                                           n=  49  exact 1.000
  dense_basic [G]                                         n= 203  exact 0.685
  dense_basic+operator_change [G]                         n= 112  exact 0.455
  dense_basic+place_value [G]                             n=  19  exact 0.842
  dense_basic+place_value+operator_change [G]             n=   4  exact 1.000
  grouping_change [A]                                     n=  16  exact 0.188
  grouping_change [G]                                     n= 128  exact 0.289
  operator_change [A]                                     n=   4  exact 0.500
  operator_change [G]                                     n=   8  exact 0.250
  place_value [A]                                         n= 174  exact 0.466
  place_value [G]                                         n=  60  exact 0.933
  place_value+arithmetic_variation [G]                    n=   6  exact 1.000
  place_value+arithmetic_variation+operator_change [G]    n=   6  exact 1.000
  place_value+operator_change [G]                         n=   2  exact 1.000
saved results/areas_k8_unitary (524s)
