vocabulary 2054; relation-word candidates discovered from data (label lift >= 3, >= 15 templates): 154 -> ['able', 'after', 'airport', 'an', 'anniversary', 'any', 'around', 'ate', 'aunt', 'baked', 'baseball', 'beach', 'beautiful', 'been', 'being', 'big', 'both', 'boy', 'brother', 'brothers', 'brought', 'cake', 'call', 'came', 'celebrate', 'child', 'children', 'christmas', 'close', 'college', 'come', 'coming', 'cooked', 'cookies', 'cream', 'dad', 'daughter', 'daughters', 'do', 'does', 'down', 'drove', 'eager', 'eat', 'family', 'father', 'favorite', 'fight', 'first', 'fishing', 'flowers', 'football', 'friends', 'fun', 'gave', 'getting', 'glad', 'granddaughter', 'grandfather', 'grandmother', 'grandson', 'great', 'happy', 'having', 'home', 'homework', 'hospital', 'how', 'husband', 'ice', 'intelligent', 'join', 'kids', 'later', 'learn', 'liked', 'likes', 'looking', 'loved', 'loves', 'make', 'making', 'man', 'married', 'meal', 'meet', 'money', 'mother', 'much', 'museum', 'nephew', 'nice', 'niece', 'night', 'off', 'only', 'picked', 'planned', 'planning', 'practice', 'prepared', 'present', 'read', 'received', 'relationship', 'restaurant', 'ride', 'saturday', 'saw', 'science', 'shop', 'sick', 'since', 'sister', 'sisters', 'son', 'special', 'spend', 'spending', 'spent', 'stay', 'stayed', 'summer', 'sunday', 'surprise', 'talking', 'taught', 'their', 'town', 'uncle', 'upset', 'very', 'visit', 'visited', 'visiting', 'wait', 'waiting', 'walk', 'want', 'wants', 'watched', 'watching', 'wedding', 'what', 'when', 'who', 'wife', 'wonderful', 'work', 'world', 'year', 'years', 'younger', 'zoo']  (3s)
  end to end on TEST from text, gold facts (ceiling): exact/abstain/wrong by hops 2: 1.00/0.00/0.00  3: 0.90/0.09/0.02  4: 0.99/0.00/0.01  5: 0.98/0.01/0.01  6: 0.99/0.00/0.01  7: 0.99/0.00/0.01  8: 0.97/0.02/0.01  9: 0.95/0.05/0.00  10: 0.97/0.02/0.01   overall 0.974/0.018/0.008

== rung 1: one hop (mentions in a sentence with both names)
  113822 training instances
  epoch 1/8  train loss 1.685 acc 0.577   TEST facts: precision 0.470 recall 0.108  elapsed 13s
  epoch 2/8  train loss 1.340 acc 0.608   TEST facts: precision 0.569 recall 0.286  elapsed 18s
  epoch 3/8  train loss 1.132 acc 0.655   TEST facts: precision 0.579 recall 0.370  elapsed 23s
  epoch 4/8  train loss 0.985 acc 0.702   TEST facts: precision 0.586 recall 0.434  elapsed 29s
  epoch 5/8  train loss 0.883 acc 0.733   TEST facts: precision 0.585 recall 0.464  elapsed 34s
  epoch 6/8  train loss 0.803 acc 0.755   TEST facts: precision 0.551 recall 0.452  elapsed 39s
  epoch 7/8  train loss 0.748 acc 0.771   TEST facts: precision 0.560 recall 0.452  elapsed 45s
  epoch 8/8  train loss 0.703 acc 0.784   TEST facts: precision 0.557 recall 0.441  elapsed 51s
  facts: validation precision 0.841 recall 0.742; TEST (unseen templates) precision 0.557 recall 0.441
  end to end on TEST from text, rung 1: one hop (mentions in a sentence with both names) facts: exact/abstain/wrong by hops 2: 0.00/1.00/0.00  3: 0.00/1.00/0.00  4: 0.01/0.99/0.00  5: 0.01/0.99/0.00  6: 0.00/1.00/0.00  7: 0.00/1.00/0.00  8: 0.00/1.00/0.00  9: 0.00/1.00/0.00  10: 0.00/1.00/0.00   overall 0.002/0.998/0.000

== rung 2: cross-sentence (mentions in a sentence with either name)
  364254 training instances
  epoch 1/8  train loss 0.896 acc 0.793   TEST facts: precision 0.512 recall 0.476  elapsed 90s
  epoch 2/8  train loss 0.824 acc 0.802   TEST facts: precision 0.545 recall 0.478  elapsed 115s
  epoch 3/8  train loss 0.796 acc 0.804   TEST facts: precision 0.510 recall 0.438  elapsed 143s
  epoch 4/8  train loss 0.774 acc 0.806   TEST facts: precision 0.496 recall 0.462  elapsed 170s
  epoch 5/8  train loss 0.755 acc 0.808   TEST facts: precision 0.476 recall 0.432  elapsed 197s
  epoch 6/8  train loss 0.740 acc 0.810   TEST facts: precision 0.480 recall 0.461  elapsed 222s
  epoch 7/8  train loss 0.725 acc 0.812   TEST facts: precision 0.452 recall 0.447  elapsed 251s
