digit order on the chain's rows: 45/45 facts
seeded with add: init []  body [LOAD 0>3, LOAD 1>4, BIND 3,4, BIND 3,2, READ 3, SETD 5, SETC 2, WRITE 5]  outro []  stop 0
target sumd: input-output pairs only, seeded, 6 slots, 1416 instructions, callable ['add', 'cmp', 'mul', 'muld', 'sub', 'triple'], any-slot credit True, typed proposals True, learned proposer False
  gen 1/120  best 0.562 (exact 0.250)  mean 0.085  candidates 200  elapsed 25s  ETA 2963s  | best so far: init []  body [LOAD 0>3, BIND 3,4, BIND 3,2, READ 3, SETD 5, SETC 2, WRITE 5]  outro []  stop 0
  gen 2/120  best 1.125 (exact 0.500)  mean 0.271  candidates 400  elapsed 125s  ETA 7402s  | best so far: init [LOAD 0>2]  body [LOAD 0>3, LOAD 1>4, COPY 4>0, BIND 3,2, READ 3, SETD 5, SETC 2, WRITE 5]  outro [ORDER 
  gen 3/120  best 2.000 (exact 1.000)  mean 0.711  candidates 600  elapsed 166s  ETA 6478s  | best so far: init [LOAD 0>2]  body [LOAD 0>3, LOAD 1>4, COPY 4>0, BIND 3,2, READ 3, SETD 5, SETC 2, WRITE 5]  outro [ORDER 
  gen 4/120  best 2.000 (exact 1.000)  mean 0.946  candidates 800  elapsed 213s  ETA 6172s  | best so far: init [LOAD 0>2]  body [LOAD 0>3, LOAD 1>4, COPY 4>0, BIND 3,2, READ 3, SETD 5, SETC 2, WRITE 5]  outro [ORDER 
  gen 5/120  best 1.500 (exact 0.750)  mean 0.954  candidates 1000  elapsed 253s  ETA 5813s  | best so far: init [LOAD 0>2]  body [LOAD 0>3, LOAD 1>4, COPY 4>0, BIND 3,2, READ 3, SETD 5, SETC 2, WRITE 5]  outro [ORDER 
  gen 6/120  best 1.594 (exact 0.750)  mean 0.833  candidates 1200  elapsed 287s  ETA 5445s  | best so far: init [LOAD 0>2]  body [LOAD 0>3, LOAD 1>4, COPY 4>0, BIND 3,2, READ 3, SETD 5, SETC 2, WRITE 5]  outro [ORDER 
  gen 7/120  best 1.750 (exact 0.875)  mean 1.041  candidates 1400  elapsed 312s  ETA 5037s  | best so far: init [LOAD 0>2]  body [LOAD 0>3, LOAD 1>4, COPY 4>0, BIND 3,2, READ 3, SETD 5, SETC 2, WRITE 5]  outro [ORDER 
  gen 8/120  best 1.812 (exact 0.875)  mean 1.126  candidates 1600  elapsed 356s  ETA 4989s  | best so far: init [LOAD 0>2]  body [LOAD 0>3, LOAD 1>4, COPY 4>0, BIND 3,2, READ 3, SETD 5, SETC 2, WRITE 5]  outro [ORDER 
  gen 9/120  best 1.281 (exact 0.625)  mean 0.842  candidates 1800  elapsed 387s  ETA 4773s  | best so far: init [LOAD 0>2]  body [LOAD 0>3, LOAD 1>4, COPY 4>0, BIND 3,2, READ 3, SETD 5, SETC 2, WRITE 5]  outro [ORDER 
  gen 10/120  best 1.094 (exact 0.500)  mean 0.755  candidates 2000  elapsed 415s  ETA 4560s  | best so far: init [LOAD 0>2]  body [LOAD 0>3, LOAD 1>4, COPY 4>0, BIND 3,2, READ 3, SETD 5, SETC 2, WRITE 5]  outro [ORDER 
  gen 11/120  best 1.562 (exact 0.750)  mean 0.814  candidates 2200  elapsed 446s  ETA 4416s  | best so far: init [LOAD 0>2]  body [LOAD 0>3, LOAD 1>4, COPY 4>0, BIND 3,2, READ 3, SETD 5, SETC 2, WRITE 5]  outro [ORDER 
  gen 12/120  best 1.438 (exact 0.625)  mean 0.998  candidates 2400  elapsed 474s  ETA 4262s  | best so far: init [LOAD 0>2]  body [LOAD 0>3, LOAD 1>4, COPY 4>0, BIND 3,2, READ 3, SETD 5, SETC 2, WRITE 5]  outro [ORDER 
  gen 13/120  best 1.344 (exact 0.625)  mean 0.798  candidates 2600  elapsed 502s  ETA 4128s  | best so far: init [LOAD 0>2]  body [LOAD 0>3, LOAD 1>4, COPY 4>0, BIND 3,2, READ 3, SETD 5, SETC 2, WRITE 5]  outro [ORDER 
  gen 14/120  best 1.375 (exact 0.625)  mean 0.768  candidates 2800  elapsed 689s  ETA 5216s  | best so far: init [LOAD 0>2]  body [LOAD 0>3, LOAD 1>4, COPY 4>0, BIND 3,2, READ 3, SETD 5, SETC 2, WRITE 5]  outro [ORDER 
  gen 15/120  best 1.406 (exact 0.625)  mean 0.882  candidates 3000  elapsed 715s  ETA 5005s  | best so far: init [LOAD 0>2]  body [LOAD 0>3, LOAD 1>4, COPY 4>0, BIND 3,2, READ 3, SETD 5, SETC 2, WRITE 5]  outro [ORDER 
  gen 16/120  best 1.562 (exact 0.750)  mean 1.045  candidates 3200  elapsed 763s  ETA 4957s  | best so far: init [LOAD 0>2]  body [LOAD 0>3, LOAD 1>4, COPY 4>0, BIND 3,2, READ 3, SETD 5, SETC 2, WRITE 5]  outro [ORDER 
  gen 17/120  best 0.906 (exact 0.375)  mean 0.560  candidates 3400  elapsed 818s  ETA 4958s  | best so far: init [LOAD 0>2]  body [LOAD 0>3, LOAD 1>4, COPY 4>0, BIND 3,2, READ 3, SETD 5, SETC 2, WRITE 5]  outro [ORDER 
  gen 18/120  best 1.781 (exact 0.875)  mean 1.251  candidates 3600  elapsed 878s  ETA 4977s  | best so far: init [LOAD 0>2]  body [LOAD 0>3, LOAD 1>4, COPY 4>0, BIND 3,2, READ 3, SETD 5, SETC 2, WRITE 5]  outro [ORDER 
  gen 19/120  best 1.312 (exact 0.625)  mean 0.832  candidates 3800  elapsed 936s  ETA 4976s  | best so far: init [LOAD 0>2]  body [LOAD 0>3, LOAD 1>4, COPY 4>0, BIND 3,2, READ 3, SETD 5, SETC 2, WRITE 5]  outro [ORDER 
  gen 20/120  best 1.562 (exact 0.750)  mean 0.985  candidates 4000  elapsed 983s  ETA 4914s  | best so far: init [LOAD 0>2]  body [LOAD 0>3, LOAD 1>4, COPY 4>0, BIND 3,2, READ 3, SETD 5, SETC 2, WRITE 5]  outro [ORDER 
  gen 21/120  best 1.531 (exact 0.750)  mean 1.073  candidates 4200  elapsed 1301s  ETA 6131s  | best so far: init [LOAD 0>2]  body [LOAD 0>3, LOAD 1>4, COPY 4>0, BIND 3,2, READ 3, SETD 5, SETC 2, WRITE 5]  outro [ORDER 
  gen 22/120  best 1.625 (exact 0.750)  mean 0.947  candidates 4400  elapsed 1659s  ETA 7389s  | best so far: init [LOAD 0>2]  body [LOAD 0>3, LOAD 1>4, COPY 4>0, BIND 3,2, READ 3, SETD 5, SETC 2, WRITE 5]  outro [ORDER 
  gen 23/120  best 1.594 (exact 0.750)  mean 0.989  candidates 4600  elapsed 1799s  ETA 7589s  | best so far: init [LOAD 0>2]  body [LOAD 0>3, LOAD 1>4, COPY 4>0, BIND 3,2, READ 3, SETD 5, SETC 2, WRITE 5]  outro [ORDER 
