digit order on the chain's rows: 45/45 facts
learned proposer loaded from results/proposer/proposer_holdout_sumd.pt (held out: sumd), temperature 1.0
seeded with add: init []  body [LOAD 0>3, LOAD 1>4, BIND 3,4, BIND 3,2, READ 3, SETD 5, SETC 2, WRITE 5]  outro []  stop 0
target sumd: input-output pairs only, seeded, 6 slots, 1416 instructions, callable ['add', 'cmp', 'mul', 'muld', 'sub', 'triple'], any-slot credit True, typed proposals True, learned proposer True
  gen 1/120  best 0.812 (exact 0.375)  mean 0.122  candidates 200  elapsed 19s  ETA 2301s  | best so far: init []  body [LOAD 0>3, CALL triple 1,0>5, BIND 3,4, BIND 3,2, READ 3, SETD 5, SETC 2, WRITE 5]  outro []  st
  gen 2/120  best 1.125 (exact 0.375)  mean 0.359  candidates 400  elapsed 94s  ETA 5562s  | best so far: init []  body [LOAD 0>3, COPY 0>1, LOAD 1>4, BIND 3,4, BIND 3,2, READ 3, SETD 5, SETC 2, WRITE 5]  outro []  s
  gen 3/120  best 1.500 (exact 0.625)  mean 1.018  candidates 600  elapsed 148s  ETA 5791s  | best so far: init []  body [LOAD 0>3, COPY 0>1, LOAD 1>4, BIND 3,4, BIND 3,2, READ 3, SETD 5, SETC 2, WRITE 5]  outro []  s
  gen 4/120  best 0.750 (exact 0.125)  mean 0.322  candidates 800  elapsed 174s  ETA 5054s  | best so far: init []  body [LOAD 0>3, COPY 0>1, LOAD 1>4, BIND 3,4, BIND 3,2, READ 3, SETD 5, SETC 2, WRITE 5]  outro []  s
  gen 5/120  best 1.281 (exact 0.625)  mean 0.725  candidates 1000  elapsed 195s  ETA 4476s  | best so far: init []  body [LOAD 0>3, COPY 0>1, LOAD 1>4, BIND 3,4, BIND 3,2, READ 3, SETD 5, SETC 2, WRITE 5]  outro []  s
  gen 6/120  best 1.500 (exact 0.750)  mean 0.978  candidates 1200  elapsed 230s  ETA 4374s  | best so far: init []  body [LOAD 0>3, COPY 0>1, LOAD 1>4, BIND 3,4, BIND 3,2, READ 3, SETD 5, SETC 2, WRITE 5]  outro []  s
  gen 7/120  best 0.938 (exact 0.375)  mean 0.708  candidates 1400  elapsed 241s  ETA 3888s  | best so far: init []  body [LOAD 0>3, COPY 0>1, LOAD 1>4, BIND 3,4, BIND 3,2, READ 3, SETD 5, SETC 2, WRITE 5]  outro []  s
  gen 8/120  best 1.062 (exact 0.375)  mean 0.622  candidates 1600  elapsed 253s  ETA 3535s  | best so far: init []  body [LOAD 0>3, COPY 0>1, LOAD 1>4, BIND 3,4, BIND 3,2, READ 3, SETD 5, SETC 2, WRITE 5]  outro []  s
  gen 9/120  best 1.094 (exact 0.500)  mean 0.734  candidates 1800  elapsed 266s  ETA 3284s  | best so far: init []  body [LOAD 0>3, COPY 0>1, LOAD 1>4, BIND 3,4, BIND 3,2, READ 3, SETD 5, SETC 2, WRITE 5]  outro []  s
  gen 10/120  best 1.812 (exact 0.875)  mean 1.383  candidates 2000  elapsed 283s  ETA 3118s  | best so far: init []  body [LOAD 0>3, COPY 0>5, LOAD 0>2, BIND 3,4, BIND 3,2, READ 3, SETD 5, SETC 2, WRITE 5]  outro []  s
  gen 11/120  best 1.781 (exact 0.875)  mean 1.468  candidates 2200  elapsed 305s  ETA 3021s  | best so far: init []  body [LOAD 0>3, COPY 0>5, LOAD 0>2, BIND 3,4, BIND 3,2, READ 3, SETD 5, SETC 2, WRITE 5]  outro []  s
  gen 12/120  best 1.344 (exact 0.625)  mean 1.025  candidates 2400  elapsed 337s  ETA 3036s  | best so far: init []  body [LOAD 0>3, COPY 0>5, LOAD 0>2, BIND 3,4, BIND 3,2, READ 3, SETD 5, SETC 2, WRITE 5]  outro []  s
  gen 13/120  best 1.094 (exact 0.500)  mean 0.858  candidates 2600  elapsed 502s  ETA 4130s  | best so far: init []  body [LOAD 0>3, COPY 0>5, LOAD 0>2, BIND 3,4, BIND 3,2, READ 3, SETD 5, SETC 2, WRITE 5]  outro []  s
  gen 14/120  best 0.875 (exact 0.375)  mean 0.691  candidates 2800  elapsed 524s  ETA 3968s  | best so far: init []  body [LOAD 0>3, COPY 0>5, LOAD 0>2, BIND 3,4, BIND 3,2, READ 3, SETD 5, SETC 2, WRITE 5]  outro []  s
  gen 15/120  best 0.938 (exact 0.375)  mean 0.697  candidates 3000  elapsed 558s  ETA 3903s  | best so far: init []  body [LOAD 0>3, COPY 0>5, LOAD 0>2, BIND 3,4, BIND 3,2, READ 3, SETD 5, SETC 2, WRITE 5]  outro []  s
  gen 16/120  best 1.125 (exact 0.500)  mean 0.837  candidates 3200  elapsed 580s  ETA 3773s  | best so far: init []  body [LOAD 0>3, COPY 0>5, LOAD 0>2, BIND 3,4, BIND 3,2, READ 3, SETD 5, SETC 2, WRITE 5]  outro []  s
  gen 17/120  best 1.531 (exact 0.750)  mean 1.304  candidates 3400  elapsed 631s  ETA 3825s  | best so far: init []  body [LOAD 0>3, COPY 0>5, LOAD 0>2, BIND 3,4, BIND 3,2, READ 3, SETD 5, SETC 2, WRITE 5]  outro []  s
  gen 18/120  best 0.500 (exact 0.125)  mean 0.377  candidates 3600  elapsed 660s  ETA 3740s  | best so far: init []  body [LOAD 0>3, COPY 0>5, LOAD 0>2, BIND 3,4, BIND 3,2, READ 3, SETD 5, SETC 2, WRITE 5]  outro []  s
  gen 19/120  best 1.312 (exact 0.625)  mean 0.944  candidates 3800  elapsed 683s  ETA 3633s  | best so far: init []  body [LOAD 0>3, COPY 0>5, LOAD 0>2, BIND 3,4, BIND 3,2, READ 3, SETD 5, SETC 2, WRITE 5]  outro []  s
  gen 20/120  best 1.250 (exact 0.625)  mean 0.926  candidates 4000  elapsed 711s  ETA 3553s  | best so far: init []  body [LOAD 0>3, COPY 0>5, LOAD 0>2, BIND 3,4, BIND 3,2, READ 3, SETD 5, SETC 2, WRITE 5]  outro []  s
  gen 21/120  best 1.500 (exact 0.750)  mean 1.142  candidates 4200  elapsed 735s  ETA 3465s  | best so far: init []  body [LOAD 0>3, COPY 0>5, LOAD 0>2, BIND 3,4, BIND 3,2, READ 3, SETD 5, SETC 2, WRITE 5]  outro []  s
  gen 22/120  best 1.000 (exact 0.500)  mean 0.430  candidates 4400  elapsed 767s  ETA 3417s  | best so far: init []  body [LOAD 0>3, COPY 0>5, LOAD 0>2, BIND 3,4, BIND 3,2, READ 3, SETD 5, SETC 2, WRITE 5]  outro []  s
  gen 23/120  best 2.000 (exact 1.000)  mean 1.420  candidates 4600  elapsed 798s  ETA 3364s  | best so far: init [SET 2<0]  body [LOAD 0>3, COPY 0>1, LOAD 0>2, BIND 3,4, BIND 3,2, READ 3, SETD 5, SETC 2, WRITE 5, SETC 
  gen 24/120  best 1.750 (exact 0.875)  mean 1.216  candidates 4800  elapsed 809s  ETA 3235s  | best so far: init [SET 2<0]  body [LOAD 0>3, COPY 0>1, LOAD 0>2, BIND 3,4, BIND 3,2, READ 3, SETD 5, SETC 2, WRITE 5, SETC 
  gen 25/120  best 1.812 (exact 0.875)  mean 1.286  candidates 5000  elapsed 829s  ETA 3151s  | best so far: init [SET 2<0]  body [LOAD 0>3, COPY 0>1, LOAD 0>2, BIND 3,4, BIND 3,2, READ 3, SETD 5, SETC 2, WRITE 5, SETC 
  gen 26/120  best 1.094 (exact 0.500)  mean 0.792  candidates 5200  elapsed 866s  ETA 3131s  | best so far: init [SET 2<0]  body [LOAD 0>3, COPY 0>1, LOAD 0>2, BIND 3,4, BIND 3,2, READ 3, SETD 5, SETC 2, WRITE 5, SETC 
  gen 27/120  best 1.312 (exact 0.625)  mean 0.942  candidates 5400  elapsed 898s  ETA 3094s  | best so far: init [SET 2<0]  body [LOAD 0>3, COPY 0>1, LOAD 0>2, BIND 3,4, BIND 3,2, READ 3, SETD 5, SETC 2, WRITE 5, SETC 
  gen 28/120  best 0.938 (exact 0.375)  mean 0.738  candidates 5600  elapsed 968s  ETA 3179s  | best so far: init [SET 2<0]  body [LOAD 0>3, COPY 0>1, LOAD 0>2, BIND 3,4, BIND 3,2, READ 3, SETD 5, SETC 2, WRITE 5, SETC 
  gen 29/120  best 0.906 (exact 0.375)  mean 0.584  candidates 5800  elapsed 1134s  ETA 3557s  | best so far: init [SET 2<0]  body [LOAD 0>3, COPY 0>1, LOAD 0>2, BIND 3,4, BIND 3,2, READ 3, SETD 5, SETC 2, WRITE 5, SETC 
  gen 30/120  best 1.500 (exact 0.750)  mean 0.952  candidates 6000  elapsed 1222s  ETA 3665s  | best so far: init [SET 2<0]  body [LOAD 0>3, COPY 0>1, LOAD 0>2, BIND 3,4, BIND 3,2, READ 3, SETD 5, SETC 2, WRITE 5, SETC 
  gen 31/120  best 1.125 (exact 0.500)  mean 0.838  candidates 6200  elapsed 1246s  ETA 3577s  | best so far: init [SET 2<0]  body [LOAD 0>3, COPY 0>1, LOAD 0>2, BIND 3,4, BIND 3,2, READ 3, SETD 5, SETC 2, WRITE 5, SETC 
  gen 32/120  best 1.375 (exact 0.625)  mean 1.066  candidates 6400  elapsed 1280s  ETA 3519s  | best so far: init [SET 2<0]  body [LOAD 0>3, COPY 0>1, LOAD 0>2, BIND 3,4, BIND 3,2, READ 3, SETD 5, SETC 2, WRITE 5, SETC 
  gen 33/120  best 1.562 (exact 0.750)  mean 1.301  candidates 6600  elapsed 1320s  ETA 3480s  | best so far: init [SET 2<0]  body [LOAD 0>3, COPY 0>1, LOAD 0>2, BIND 3,4, BIND 3,2, READ 3, SETD 5, SETC 2, WRITE 5, SETC 
  gen 34/120  best 1.062 (exact 0.375)  mean 0.699  candidates 6800  elapsed 1367s  ETA 3458s  | best so far: init [SET 2<0]  body [LOAD 0>3, COPY 0>1, LOAD 0>2, BIND 3,4, BIND 3,2, READ 3, SETD 5, SETC 2, WRITE 5, SETC 
  gen 35/120  best 1.750 (exact 0.875)  mean 1.305  candidates 7000  elapsed 1457s  ETA 3539s  | best so far: init [SET 2<0]  body [LOAD 0>3, COPY 0>1, LOAD 0>2, BIND 3,4, BIND 3,2, READ 3, SETD 5, SETC 2, WRITE 5, SETC 
  gen 36/120  best 1.562 (exact 0.750)  mean 1.132  candidates 7200  elapsed 1491s  ETA 3478s  | best so far: init [SET 2<0]  body [LOAD 0>3, COPY 0>1, LOAD 0>2, BIND 3,4, BIND 3,2, READ 3, SETD 5, SETC 2, WRITE 5, SETC 
