step 1/20000  loss 3.4313  exact 0.070  lr 3.00e-03  tau 10.0  elapsed 1s
step 1000/20000  loss 0.0266  exact 0.988  lr 2.98e-03  tau 18.8  elapsed 29s
step 2000/20000  loss 0.0108  exact 0.992  lr 2.93e-03  tau 20.1  elapsed 53s
step 3000/20000  loss 0.0078  exact 0.996  lr 2.84e-03  tau 20.0  elapsed 75s
step 4000/20000  loss 0.0269  exact 0.988  lr 2.71e-03  tau 19.8  elapsed 93s
step 5000/20000  loss 0.0032  exact 1.000  lr 2.56e-03  tau 19.9  elapsed 111s
step 6000/20000  loss 0.0038  exact 1.000  lr 2.38e-03  tau 19.8  elapsed 136s
step 7000/20000  loss 0.0163  exact 0.992  lr 2.18e-03  tau 19.6  elapsed 162s
step 8000/20000  loss 0.0188  exact 0.992  lr 1.96e-03  tau 20.1  elapsed 183s
step 9000/20000  loss 0.0050  exact 1.000  lr 1.73e-03  tau 20.0  elapsed 204s
step 10000/20000  loss 0.0145  exact 0.992  lr 1.50e-03  tau 19.9  elapsed 223s
step 11000/20000  loss 0.0092  exact 0.996  lr 1.27e-03  tau 20.7  elapsed 241s
step 12000/20000  loss 0.0032  exact 0.996  lr 1.04e-03  tau 20.5  elapsed 261s
step 13000/20000  loss 0.0123  exact 0.992  lr 8.19e-04  tau 20.5  elapsed 278s
step 14000/20000  loss 0.0087  exact 0.996  lr 6.18e-04  tau 20.8  elapsed 297s
step 15000/20000  loss 0.0291  exact 0.984  lr 4.39e-04  tau 21.3  elapsed 319s
step 16000/20000  loss 0.0041  exact 0.996  lr 2.86e-04  tau 21.3  elapsed 339s
step 17000/20000  loss 0.0109  exact 0.996  lr 1.63e-04  tau 21.4  elapsed 357s
step 18000/20000  loss 0.0057  exact 0.996  lr 7.34e-05  tau 21.7  elapsed 381s
step 19000/20000  loss 0.0067  exact 0.992  lr 1.85e-05  tau 21.8  elapsed 409s
step 20000/20000  loss 0.0015  exact 1.000  lr 0.00e+00  tau 21.8  elapsed 422s
validation: exact 0.996; abstention margin threshold 0.038 (95th pct of wrong-answer margins)
validation chain stories — exact/abstain/wrong by length: 2: 1.00/0.00/0.00 (n=1020)  3: 0.98/0.01/0.00 (n=1000)
test chain stories — exact/abstain/wrong by length: 2: 1.00/0.00/0.00 (n=38)  3: 0.92/0.03/0.05 (n=105)  4: 0.99/0.00/0.01 (n=190)  5: 0.99/0.00/0.01 (n=174)  6: 0.99/0.00/0.01 (n=107)  7: 0.99/0.00/0.01 (n=144)  8: 0.99/0.01/0.00 (n=150)  9: 0.99/0.01/0.00 (n=119)  10: 1.00/0.00/0.00 (n=119)
emergent algebra: 62/62 training length-2 compositions reproduced by operator products
saved results/kin_seeds/s4 (424s)
