step 1/20000  loss 3.3883  exact 0.059  lr 3.00e-03  tau 10.0  elapsed 1s
step 1000/20000  loss 0.0117  exact 0.996  lr 2.98e-03  tau 18.9  elapsed 19s
step 2000/20000  loss 0.0106  exact 0.996  lr 2.93e-03  tau 20.2  elapsed 34s
step 3000/20000  loss 0.0358  exact 0.984  lr 2.84e-03  tau 20.4  elapsed 51s
step 4000/20000  loss 0.0007  exact 1.000  lr 2.71e-03  tau 20.1  elapsed 69s
step 5000/20000  loss 0.0133  exact 0.992  lr 2.56e-03  tau 19.7  elapsed 85s
step 6000/20000  loss 0.0039  exact 1.000  lr 2.38e-03  tau 19.5  elapsed 101s
step 7000/20000  loss 0.0111  exact 0.996  lr 2.18e-03  tau 19.6  elapsed 115s
step 8000/20000  loss 0.0094  exact 0.996  lr 1.96e-03  tau 19.6  elapsed 130s
step 9000/20000  loss 0.0093  exact 0.996  lr 1.73e-03  tau 19.8  elapsed 146s
step 10000/20000  loss 0.0084  exact 0.996  lr 1.50e-03  tau 19.9  elapsed 167s
step 11000/20000  loss 0.0100  exact 0.988  lr 1.27e-03  tau 20.7  elapsed 181s
step 12000/20000  loss 0.0005  exact 1.000  lr 1.04e-03  tau 20.5  elapsed 197s
step 13000/20000  loss 0.0053  exact 0.996  lr 8.19e-04  tau 20.7  elapsed 211s
step 14000/20000  loss 0.0014  exact 1.000  lr 6.18e-04  tau 20.9  elapsed 232s
step 15000/20000  loss 0.0109  exact 0.996  lr 4.39e-04  tau 21.4  elapsed 245s
step 16000/20000  loss 0.0096  exact 0.996  lr 2.86e-04  tau 21.4  elapsed 268s
step 17000/20000  loss 0.0102  exact 0.996  lr 1.63e-04  tau 21.5  elapsed 290s
step 18000/20000  loss 0.0105  exact 0.996  lr 7.34e-05  tau 21.6  elapsed 305s
step 19000/20000  loss 0.0002  exact 1.000  lr 1.85e-05  tau 21.6  elapsed 325s
step 20000/20000  loss 0.0029  exact 0.996  lr 0.00e+00  tau 21.6  elapsed 339s
validation: exact 0.996; abstention margin threshold 0.048 (95th pct of wrong-answer margins)
validation chain stories — exact/abstain/wrong by length: 2: 1.00/0.00/0.00 (n=1020)  3: 0.98/0.02/0.00 (n=1000)
test chain stories — exact/abstain/wrong by length: 2: 1.00/0.00/0.00 (n=38)  3: 0.86/0.14/0.00 (n=105)  4: 0.99/0.01/0.00 (n=190)  5: 0.99/0.00/0.01 (n=174)  6: 0.99/0.00/0.01 (n=107)  7: 0.99/0.00/0.01 (n=144)  8: 0.99/0.01/0.00 (n=150)  9: 0.94/0.06/0.00 (n=119)  10: 0.99/0.01/0.00 (n=119)
emergent algebra: 62/62 training length-2 compositions reproduced by operator products
saved results/kin_full_k8 (341s)
