step 1/20000  loss 3.1371  exact 0.059  lr 3.00e-03  tau 10.0  elapsed 1s
step 1000/20000  loss 0.0034  exact 1.000  lr 2.98e-03  tau 19.7  elapsed 24s
step 2000/20000  loss 0.0092  exact 0.996  lr 2.93e-03  tau 21.2  elapsed 44s
step 3000/20000  loss 0.0156  exact 0.992  lr 2.84e-03  tau 21.6  elapsed 70s
step 4000/20000  loss 0.0006  exact 1.000  lr 2.71e-03  tau 21.1  elapsed 97s
step 5000/20000  loss 0.0272  exact 0.988  lr 2.56e-03  tau 20.7  elapsed 119s
step 6000/20000  loss 0.0107  exact 0.996  lr 2.38e-03  tau 20.6  elapsed 141s
step 7000/20000  loss 0.0124  exact 0.992  lr 2.18e-03  tau 21.3  elapsed 163s
step 8000/20000  loss 0.0023  exact 1.000  lr 1.96e-03  tau 21.6  elapsed 187s
step 9000/20000  loss 0.0072  exact 0.996  lr 1.73e-03  tau 21.8  elapsed 213s
step 10000/20000  loss 0.0112  exact 0.996  lr 1.50e-03  tau 22.6  elapsed 236s
step 11000/20000  loss 0.0057  exact 0.996  lr 1.27e-03  tau 22.5  elapsed 257s
step 12000/20000  loss 0.0001  exact 1.000  lr 1.04e-03  tau 22.4  elapsed 282s
step 13000/20000  loss 0.0042  exact 1.000  lr 8.19e-04  tau 23.2  elapsed 306s
step 14000/20000  loss 0.0009  exact 1.000  lr 6.18e-04  tau 23.8  elapsed 328s
step 15000/20000  loss 0.0163  exact 0.992  lr 4.39e-04  tau 23.4  elapsed 346s
step 16000/20000  loss 0.0111  exact 0.996  lr 2.86e-04  tau 23.8  elapsed 364s
step 17000/20000  loss 0.0097  exact 0.992  lr 1.63e-04  tau 24.0  elapsed 383s
step 18000/20000  loss 0.0091  exact 0.992  lr 7.34e-05  tau 24.2  elapsed 397s
step 19000/20000  loss 0.0001  exact 1.000  lr 1.85e-05  tau 24.2  elapsed 411s
step 20000/20000  loss 0.0012  exact 1.000  lr 0.00e+00  tau 24.2  elapsed 434s
validation: exact 0.996; abstention margin threshold 0.042 (95th pct of wrong-answer margins)
validation chain stories — exact/abstain/wrong by length: 2: 1.00/0.00/0.00 (n=1020)  3: 0.98/0.02/0.00 (n=1000)
test chain stories — exact/abstain/wrong by length: 2: 1.00/0.00/0.00 (n=38)  3: 0.86/0.14/0.00 (n=105)  4: 0.99/0.01/0.00 (n=177)  5: 0.98/0.01/0.01 (n=131)  6: 0.98/0.02/0.00 (n=63)  7: 0.98/0.00/0.02 (n=61)  8: 0.93/0.05/0.02 (n=61)  9: 0.98/0.02/0.00 (n=45)  10: 0.91/0.09/0.00 (n=32)
emergent algebra: 62/62 training length-2 compositions reproduced by operator products
saved results/kin_k16_s0 (437s)
