step 1/20000  loss 3.4068  exact 0.062  lr 3.00e-03  tau 10.0  elapsed 1s
step 1000/20000  loss 0.0450  exact 0.988  lr 2.98e-03  tau 18.9  elapsed 18s
step 2000/20000  loss 0.0179  exact 0.992  lr 2.93e-03  tau 20.2  elapsed 34s
step 3000/20000  loss 0.0136  exact 0.996  lr 2.84e-03  tau 20.5  elapsed 56s
step 4000/20000  loss 0.0120  exact 0.992  lr 2.71e-03  tau 20.3  elapsed 77s
step 5000/20000  loss 0.0010  exact 1.000  lr 2.56e-03  tau 19.8  elapsed 99s
step 6000/20000  loss 0.0190  exact 0.992  lr 2.38e-03  tau 20.0  elapsed 120s
step 7000/20000  loss 0.0067  exact 1.000  lr 2.18e-03  tau 20.0  elapsed 139s
step 8000/20000  loss 0.0084  exact 0.996  lr 1.96e-03  tau 20.2  elapsed 162s
step 9000/20000  loss 0.0106  exact 0.992  lr 1.73e-03  tau 19.9  elapsed 189s
step 10000/20000  loss 0.0084  exact 0.996  lr 1.50e-03  tau 20.6  elapsed 213s
step 11000/20000  loss 0.0172  exact 0.988  lr 1.27e-03  tau 20.7  elapsed 232s
step 12000/20000  loss 0.0114  exact 0.992  lr 1.04e-03  tau 20.9  elapsed 253s
step 13000/20000  loss 0.0009  exact 1.000  lr 8.19e-04  tau 21.5  elapsed 274s
step 14000/20000  loss 0.0149  exact 0.988  lr 6.18e-04  tau 21.8  elapsed 293s
step 15000/20000  loss 0.0002  exact 1.000  lr 4.39e-04  tau 21.7  elapsed 312s
step 16000/20000  loss 0.0042  exact 0.996  lr 2.86e-04  tau 22.0  elapsed 330s
step 17000/20000  loss 0.0011  exact 1.000  lr 1.63e-04  tau 22.1  elapsed 349s
step 18000/20000  loss 0.0063  exact 0.996  lr 7.34e-05  tau 22.3  elapsed 370s
step 19000/20000  loss 0.0107  exact 0.992  lr 1.85e-05  tau 22.3  elapsed 387s
step 20000/20000  loss 0.0023  exact 1.000  lr 0.00e+00  tau 22.3  elapsed 404s
validation: exact 0.996; abstention margin threshold 0.047 (95th pct of wrong-answer margins)
validation chain stories — exact/abstain/wrong by length: 2: 1.00/0.00/0.00 (n=1020)  3: 0.98/0.01/0.00 (n=1000)
test chain stories — exact/abstain/wrong by length: 2: 1.00/0.00/0.00 (n=38)  3: 0.91/0.04/0.05 (n=105)  4: 0.99/0.00/0.01 (n=190)  5: 0.99/0.01/0.01 (n=174)  6: 0.98/0.01/0.01 (n=107)  7: 0.99/0.00/0.01 (n=144)  8: 0.99/0.01/0.00 (n=150)  9: 0.98/0.01/0.01 (n=119)  10: 0.99/0.01/0.00 (n=119)
emergent algebra: 62/62 training length-2 compositions reproduced by operator products
saved results/kin_seeds/s5 (406s)
