step 1/20000  loss 3.4244  exact 0.043  lr 3.00e-03  tau 10.0  elapsed 1s
step 1000/20000  loss 0.0230  exact 0.992  lr 2.98e-03  tau 18.8  elapsed 21s
step 2000/20000  loss 0.0026  exact 1.000  lr 2.93e-03  tau 20.2  elapsed 44s
step 3000/20000  loss 0.0141  exact 0.988  lr 2.84e-03  tau 20.1  elapsed 72s
step 4000/20000  loss 0.0027  exact 1.000  lr 2.71e-03  tau 20.0  elapsed 99s
step 5000/20000  loss 0.0168  exact 0.992  lr 2.56e-03  tau 19.9  elapsed 121s
step 6000/20000  loss 0.0014  exact 1.000  lr 2.38e-03  tau 19.7  elapsed 139s
step 7000/20000  loss 0.0044  exact 0.996  lr 2.18e-03  tau 19.7  elapsed 162s
step 8000/20000  loss 0.0006  exact 1.000  lr 1.96e-03  tau 19.6  elapsed 184s
step 9000/20000  loss 0.0014  exact 1.000  lr 1.73e-03  tau 19.7  elapsed 204s
step 10000/20000  loss 0.0037  exact 0.996  lr 1.50e-03  tau 19.5  elapsed 221s
step 11000/20000  loss 0.0002  exact 1.000  lr 1.27e-03  tau 19.9  elapsed 239s
step 12000/20000  loss 0.0004  exact 1.000  lr 1.04e-03  tau 20.2  elapsed 264s
step 13000/20000  loss 0.0047  exact 0.996  lr 8.19e-04  tau 20.3  elapsed 288s
step 14000/20000  loss 0.0104  exact 0.992  lr 6.18e-04  tau 20.5  elapsed 307s
step 15000/20000  loss 0.0065  exact 0.996  lr 4.39e-04  tau 20.7  elapsed 326s
step 16000/20000  loss 0.0001  exact 1.000  lr 2.86e-04  tau 20.9  elapsed 345s
step 17000/20000  loss 0.0038  exact 0.996  lr 1.63e-04  tau 21.2  elapsed 363s
step 18000/20000  loss 0.0095  exact 0.992  lr 7.34e-05  tau 21.2  elapsed 382s
step 19000/20000  loss 0.0279  exact 0.980  lr 1.85e-05  tau 21.2  elapsed 402s
step 20000/20000  loss 0.0149  exact 0.996  lr 0.00e+00  tau 21.2  elapsed 421s
validation: exact 0.997; abstention margin threshold 0.053 (95th pct of wrong-answer margins)
validation chain stories — exact/abstain/wrong by length: 2: 1.00/0.00/0.00 (n=1020)  3: 0.98/0.02/0.00 (n=1000)
test chain stories — exact/abstain/wrong by length: 2: 1.00/0.00/0.00 (n=38)  3: 0.86/0.14/0.00 (n=105)  4: 0.99/0.01/0.00 (n=190)  5: 0.99/0.01/0.01 (n=174)  6: 0.98/0.02/0.00 (n=107)  7: 0.99/0.01/0.00 (n=144)  8: 1.00/0.00/0.00 (n=150)  9: 0.97/0.03/0.00 (n=119)  10: 0.98/0.02/0.00 (n=119)
emergent algebra: 62/62 training length-2 compositions reproduced by operator products
saved results/kin_seeds/s3 (423s)
