step 1/6000  walk loss 0.7305  max len 8  exact@8 0.000  lr 0.001  tau 10.0  elapsed 1s  ETA 6517s
step 250/6000  walk loss 0.0695  max len 14  exact@14 0.000  lr 0.001  tau 11.0  elapsed 6s  ETA 131s
step 500/6000  walk loss 0.0610  max len 20  exact@20 0.000  lr 0.001  tau 13.8  elapsed 12s  ETA 132s
step 750/6000  walk loss 0.0147  max len 26  exact@26 0.000  lr 0.001  tau 16.5  elapsed 22s  ETA 151s
step 1000/6000  walk loss 0.0704  max len 32  exact@32 0.000  lr 0.001  tau 19.0  elapsed 34s  ETA 169s
step 1250/6000  walk loss 0.0348  max len 38  exact@38 0.000  lr 0.001  tau 21.1  elapsed 46s  ETA 175s
step 1500/6000  walk loss 0.0098  max len 44  exact@44 0.000  lr 0.001  tau 23.1  elapsed 62s  ETA 185s
step 1750/6000  walk loss 0.0749  max len 50  exact@50 0.000  lr 0.001  tau 24.9  elapsed 79s  ETA 191s
step 2000/6000  walk loss 0.0383  max len 56  exact@56 0.000  lr 0.001  tau 26.5  elapsed 99s  ETA 198s
step 2250/6000  walk loss 0.0709  max len 63  exact@63 0.000  lr 0.001  tau 27.8  elapsed 117s  ETA 195s
step 2500/6000  walk loss 0.0328  max len 69  exact@69 0.000  lr 0.001  tau 29.2  elapsed 135s  ETA 189s
step 2750/6000  walk loss 0.0769  max len 75  exact@75 0.000  lr 0.001  tau 30.8  elapsed 158s  ETA 187s
step 3000/6000  walk loss 0.0022  max len 81  exact@81 0.000  lr 0.001  tau 33.8  elapsed 183s  ETA 183s
step 3250/6000  walk loss 0.0063  max len 87  exact@87 0.000  lr 0.001  tau 38.0  elapsed 209s  ETA 177s
step 3500/6000  walk loss 0.0696  max len 93  exact@93 0.000  lr 0.001  tau 42.9  elapsed 236s  ETA 169s
step 3750/6000  walk loss 0.0730  max len 96  exact@96 0.000  lr 0.001  tau 48.4  elapsed 264s  ETA 158s
step 4000/6000  walk loss 0.0789  max len 96  exact@96 0.000  lr 0.001  tau 53.1  elapsed 294s  ETA 147s
step 4250/6000  walk loss 0.0021  max len 96  exact@96 0.000  lr 0.001  tau 58.1  elapsed 325s  ETA 134s
step 4500/6000  walk loss 0.0317  max len 96  exact@96 0.000  lr 0.001  tau 62.7  elapsed 357s  ETA 119s
step 4750/6000  walk loss 0.0009  max len 96  exact@96 0.000  lr 0.001  tau 67.7  elapsed 388s  ETA 102s
step 5000/6000  walk loss 0.0005  max len 96  exact@96 0.000  lr 0.001  tau 72.4  elapsed 419s  ETA 84s
step 5250/6000  walk loss 0.0003  max len 96  exact@96 0.000  lr 0.001  tau 76.5  elapsed 449s  ETA 64s
step 5500/6000  walk loss 0.0349  max len 96  exact@96 0.000  lr 0.001  tau 81.1  elapsed 479s  ETA 44s
step 5750/6000  walk loss 0.0580  max len 96  exact@96 0.000  lr 0.001  tau 86.3  elapsed 509s  ETA 22s
step 6000/6000  walk loss 0.0005  max len 96  exact@96 0.000  lr 0.001  tau 90.9  elapsed 537s  ETA 0s
random programs of 2 instructions (8 symbols): walk back exactly 1.000
random programs of 8 instructions (32 symbols): walk back exactly 0.120
random programs of 16 instructions (64 symbols): walk back exactly 0.000
random programs of 24 instructions (96 symbols): walk back exactly 0.000
random programs of 32 instructions (128 symbols) (longer than trained): walk back exactly 0.000
Traceback (most recent call last):
  File "/mnt/nvme990/latent/reasoning_ant/progmem2.py", line 120, in <module>
    back = [SYM[i] for i in walk_back(z, len(syms))[0].tolist()]; p2 = symbols_to_program(back, p["kind"]); ok = (p2["init"], p2["body"], p2["outro"], p2["stop"]) == (p["init"], p["body"], p["outro"], p["stop"])
                                                                       ^^^^^^^^^^^^^^^^^^^^^^^^^^^^^^^^^^^
  File "/mnt/nvme990/latent/reasoning_ant/progmem2.py", line 92, in symbols_to_program
    elif cur is not None: p[cur].append(v)
                          ~^^^^^
KeyError: 'SET'
