places machine loaded: programs ['add', 'sub', 'cmp', 'muld', 'mul', 'digitsum', 'subtract', 'multiply', 'compare']  M 144  (0s)
language memory step 1/15000  loss 3.5338  lr 3.0e-03  tau 10.0  elapsed 1s
language memory step 500/15000  loss 0.3408  lr 3.0e-03  tau 37.8  elapsed 106s
language memory step 1000/15000  loss 0.1276  lr 3.0e-03  tau 66.9  elapsed 211s
language memory step 1500/15000  loss 0.0871  lr 2.9e-03  tau 93.2  elapsed 315s
language memory step 2000/15000  loss 0.1049  lr 2.9e-03  tau 117.2  elapsed 421s
language memory step 2500/15000  loss 0.0596  lr 2.8e-03  tau 137.6  elapsed 528s
language memory step 3000/15000  loss 0.0782  lr 2.7e-03  tau 154.2  elapsed 634s
language memory step 3500/15000  loss 0.0545  lr 2.6e-03  tau 164.7  elapsed 741s
language memory step 4000/15000  loss 0.0612  lr 2.5e-03  tau 173.2  elapsed 848s
language memory step 4500/15000  loss 0.0578  lr 2.4e-03  tau 176.3  elapsed 948s
language memory step 5000/15000  loss 0.0457  lr 2.3e-03  tau 180.2  elapsed 1038s
language memory step 5500/15000  loss 0.0456  lr 2.1e-03  tau 180.3  elapsed 1127s
language memory step 6000/15000  loss 0.0433  lr 2.0e-03  tau 182.4  elapsed 1216s
language memory step 6500/15000  loss 0.0632  lr 1.8e-03  tau 183.0  elapsed 1305s
language memory step 7000/15000  loss 0.0425  lr 1.7e-03  tau 183.6  elapsed 1394s
language memory step 7500/15000  loss 0.0189  lr 1.5e-03  tau 186.2  elapsed 1482s
language memory step 8000/15000  loss 0.0384  lr 1.3e-03  tau 188.6  elapsed 1572s
language memory step 8500/15000  loss 0.0350  lr 1.2e-03  tau 190.8  elapsed 1661s
language memory step 9000/15000  loss 0.0347  lr 1.0e-03  tau 190.8  elapsed 1753s
language memory step 9500/15000  loss 0.0355  lr 8.9e-04  tau 191.2  elapsed 1842s
language memory step 10000/15000  loss 0.0123  lr 7.5e-04  tau 192.3  elapsed 1932s
language memory step 10500/15000  loss 0.0196  lr 6.2e-04  tau 193.8  elapsed 2021s
language memory step 11000/15000  loss 0.0333  lr 5.0e-04  tau 194.7  elapsed 2109s
language memory step 11500/15000  loss 0.0203  lr 3.9e-04  tau 195.6  elapsed 2199s
language memory step 12000/15000  loss 0.0345  lr 2.9e-04  tau 197.3  elapsed 2287s
language memory step 12500/15000  loss 0.0268  lr 2.0e-04  tau 197.6  elapsed 2377s
language memory step 13000/15000  loss 0.0138  lr 1.3e-04  tau 197.9  elapsed 2466s
language memory step 13500/15000  loss 0.0129  lr 7.3e-05  tau 198.1  elapsed 2552s
language memory step 14000/15000  loss 0.0126  lr 3.3e-05  tau 198.3  elapsed 2638s
language memory step 14500/15000  loss 0.0206  lr 8.2e-06  tau 198.4  elapsed 2725s
language memory step 15000/15000  loss 0.0244  lr 0.0e+00  tau 198.3  elapsed 2808s
sentences as one place (stored words incl. digits, fresh words), read back by walking, exact by length (train 2–20): 2:1.000 3:1.000 4:1.000 5:1.000 6:1.000 7:1.000 8:1.000 9:1.000 10:1.000 11:0.998 12:0.995 13:0.987 14:0.987 15:0.967 16:0.970 17:0.955 18:0.927 19:0.905 20:0.885 21:0.812 22:0.657
reading machine: 1715 instructions, 10 slots
ground-truth reader on the machine, commands (0–2 fillers, 1–3 digits): exact 1.000
ground-truth reader on the machine, definition + use (0–2 fillers, 1–3 digits): exact 1.000
    the compare 1 1 7 and 3 1 ? -> 11  |  compare 1 0 4 and 8 5 2 ? -> 10   (truth [11, 10] )
    to W0 something , multiply it by 1 0 . -> None  |  W0 please 4 7 3 . -> 4730   (truth [None, 4730] )
    add please 2 1 6 and 5 . -> 221  |  please add 8 and 4 2 . -> 50   (truth [221, 50] )
    to W0 something , add it to itself . -> None  |  the W0 please 7 0 . -> 140   (truth [None, 140] )
    subtract 4 from 8 8 0 . -> 876  |  compare 4 1 and 6 ? -> 11   (truth [876, 11] )
    to W0 something , add it to itself . -> None  |  the W0 4 3 7 . -> 874   (truth [None, 874] )
worked example: please compare the 7 3 and 7 4 0 ? | please compare the 1 6 9 and 8 8 ? -> [10, 11]
worked example: compare 2 9 and 6 ? | compare 4 7 and 2 ? -> [11, 11]
worked example: to W0 something , add 0 to it . | W0 5 9 . -> [None, 59]

== rung 1: the command reader (two command episodes as worked examples)
  commands gen 1  best exact 0.250 fitness 0.982  mean 0.031  elapsed 2835s
Traceback (most recent call last):
  File "/mnt/nvme990/latent/reasoning_ant/read_math.py", line 307, in <module>
    p1, g1, ok1 = search(demos["cmd"], ["cmd"], "commands"); res["reader_commands"] = {"found": ok1, "generation": g1, "program": p1}
                  ^^^^^^^^^^^^^^^^^^^^^^^^^^^^^^^^^^^^^^^^^
  File "/mnt/nvme990/latent/reasoning_ant/read_math.py", line 288, in search
    global USE_POOL; USE_POOL = True; ep = Episodes(40, kinds=[kinds[i % len(kinds)] for i in range(40)], n_fill=(0, 1)); USE_POOL = False; ex, f = score(pop, ep); order = np.argsort(-f)
                                                                                                                                                    ^^^^^^^^^^^^^^
  File "/mnt/nvme990/latent/reasoning_ant/read_math.py", line 249, in score
    outs = run(progs, ep); P, B = len(progs), ep.B; ex = np.zeros((P, B)); part = np.zeros((P, B))
           ^^^^^^^^^^^^^^
  File "/mnt/nvme990/latent/reasoning_ant/read_math.py", line 246, in run
    for j in range(2): calls, call_ops, bnp = execute(progs, ep, j, st); outs.append(answers_of(calls, call_ops, ep, bnp, st))
                                              ^^^^^^^^^^^^^^^^^^^^^^^^^
  File "/mnt/nvme990/latent/reasoning_ant/read_math.py", line 195, in execute
    if len(ok): rr = hop(place[ok, a0[okm]], NEXT + 1); w = light(rr, cand[ok], cmask[ok]).argmax(1); place[ok, a0[okm]] = rr; wid[ok, a1[okm]] = w; place[ok, a1[okm]] = cand[ok, w]
                                                            ^^^^^^^^^^^^^^^^^^^^^^^^^^^^^^
  File "/mnt/nvme990/latent/reasoning_ant/read_math.py", line 62, in light
    sc = torch.real((z[:, None, :] * cand.conj()).sum(-1)); sc[~cmask] = -1e9; return sc
                     ~~~~~~~~~~~~~~^~~~~~~~~~~~~
torch.OutOfMemoryError: CUDA out of memory. Tried to allocate 1.91 GiB. GPU 0 has a total capacity of 10.90 GiB of which 938.88 MiB is free. Including non-PyTorch memory, this process has 8.02 GiB memory in use. Process 2182305 has 256.00 MiB memory in use. Of the allocated memory 6.73 GiB is allocated by PyTorch, and 1.12 GiB is reserved by PyTorch but unallocated. If reserved but unallocated memory is large try setting PYTORCH_CUDA_ALLOC_CONF=expandable_segments:True to avoid fragmentation.  See documentation for Memory Management  (https://pytorch.org/docs/stable/notes/cuda.html#environment-variables)
