parity light on the digit rows: 10/10 facts
places machine loaded: programs ['add', 'sub', 'cmp', 'muld', 'mul', 'digitsum', 'iseven', 'square', 'check', 'subtract', 'multiply', 'compare']  M 144  (2s)
language memory loaded from results/read_math_k32_runs/lm.pt
sentences as one place (stored words incl. digits, fresh words), read back by walking, exact by length (train 2–20): 2:1.000 3:1.000 4:1.000 5:1.000 6:1.000 7:1.000 8:1.000 9:1.000 10:0.998 11:0.995 12:0.998 13:0.998 14:1.000 15:0.980 16:0.972 17:0.957 18:0.933 19:0.933 20:0.852 21:0.757 22:0.613
reading machine: 1715 instructions, 10 slots
ground-truth reader on the machine, commands (0–2 fillers, 1–3 digits): exact 1.000
ground-truth reader on the machine, definition + use (0–2 fillers, 1–3 digits): exact 1.000
    add 2 and 3 1 . -> 33  |  compare the 3 2 and 1 2 ? -> 11   (truth [33, 11] )
    to W0 something , add it to itself . -> None  |  the W0 the 3 8 8 . -> 776   (truth [None, 776] )
    compare please 4 9 and 1 6 5 ? -> 10  |  multiply the 3 3 by 4 . -> 132   (truth [10, 132] )
    to W0 something , multiply it by 1 0 . -> None  |  W0 please 5 . -> 50   (truth [None, 50] )
    add 2 3 and 8 6 . -> 109  |  please multiply 9 9 by 4 6 . -> 4554   (truth [109, 4554] )
    to W0 something , add 6 1 to it . -> None  |  please W0 7 4 . -> 135   (truth [None, 135] )
worked example: please add please 7 4 and 7 9 . | the compare please 1 3 3 and 6 5 ? -> [153, 11]
worked example: compare 1 and 6 3 ? | compare 7 and 4 ? -> [10, 11]
worked example: to W0 something , add it to itself . | W0 6 4 . -> [None, 128]

== rung 1: the command reader (two command episodes as worked examples)
  commands gen 1  best exact 0.550 fitness 1.485  mean 0.038  elapsed 20s
  commands found at generation 4: init ['SET 4<NONE', 'LOAD 0>1', 'ISPROG 1>4', 'CCOPY 4,1>2', 'ISDIG 1>4', 'ISW 1,it>4', 'ISW 1,itself>4', 'CWRITE 4,1', 'ISNEW 1>4', 'CCOPY 4,1>3', 'ISW 1,and>5', 'ISW 1,by>5', 'ISW 1,to>5', 'ISW 1,from>5', 'CNEWOP 5', 'ISW 1,from>6', 'ISW 1,dot>4', 'ISW 1,qmark>4', 'LOAD 0>1', 'ISPROG 1>4', 'CCOPY 4,1>2', 'ISDIG 1>4', 'ISW 1,it>4', 'ISW 1,itself>4', 'CWRITE 4,1', 'ISNEW 1>4', 'CCOPY 4,1>3', 'ISW 1,and>5', 'ISW 1,by>5', 'ISW 1,to>5', 'ISW 1,from>5', 'CNEWOP 5', 'ISW 1,from>6', 'ISW 1,qmark>4', 'LOAD 0>1', 'ISPROG 1>4', 'CCOPY 4,1>2', 'ISDIG 1>4', 'ISW 1,it>4', 'ISW 1,itself>4', 'CWRITE 4,1', 'ISNEW 1>4', 'CCOPY 4,1>3', 'ISW 1,and>5', 'ISW 1,by>5', 'ISW 1,to>5', 'ISW 1,from>5', 'CNEWOP 5', 'ISW 1,from>6', 'ISW 1,dot>4', 'ISW 1,qmark>4', 'LOAD 0>1', 'ISPROG 1>4', 'CCOPY 4,1>2', 'ISDIG 1>4', 'ISW 1,it>4', 'ISW 1,itself>4', 'CWRITE 4,1', 'ISNEW 1>4', 'CCOPY 4,1>3', 'ISW 1,and>5', 'ISW 1,by>5', 'ISW 1,to>5', 'ISW 1,from>5', 'CNEWOP 5', 'ISW 1,from>6', 'ISW 1,dot>4', 'ISW 1,qmark>4']  body ['LOAD 0>1', 'ISPROG 1>4', 'CCOPY 4,1>2', 'ISDIG 1>4', 'ISW 1,it>4', 'ISW 1,itself>4', 'CWRITE 4,1', 'ISW 1,multiply>5', 'CCOPY 4,1>3', 'ISW 1,and>5', 'ISW 1,by>5', 'ISW 1,to>5', 'ISW 1,from>5', 'CNEWOP 5', 'ISW 1,from>6', 'ISW 1,dot>4', 'ISW 1,qmark>4', 'ISW 3,d1>4', 'CDEF 3,2']  outro ['ISW 1,qmark>4', 'CSWAP 6', 'CDEF 3,2', 'CALLW 2']  stop 4

== rung 2: the definition reader, seeded with the command reader (one definition episode as worked example)
  definitions gen 1  best exact 1.000 fitness 2.150  mean 0.877  elapsed 72s
  definitions found at generation 1: init ['CNEWOP 5', 'ISW 1,from>6']  body ['ISW 1,dot>4', 'ISW 1,qmark>4', 'LOAD 0>1', 'ISPROG 1>4', 'CCOPY 4,1>2', 'ISDIG 1>4', 'ISW 1,it>4', 'ISW 1,itself>4', 'CWRITE 4,1', 'ISNEW 1>4', 'CCOPY 4,1>3', 'ISW 1,and>5', 'ISW 1,by>5', 'ISW 1,to>5', 'ISW 1,from>5', 'CNEWOP 5', 'ISW 1,from>6', 'ISW 1,dot>4', 'ISW 1,qmark>4']  outro ['CSWAP 6', 'CDEF 3,2', 'CALLW 2']  stop 4
  commands by number length 1..7 digits (>3 never shown): 1:1.00 2:1.00 3:1.00 4:1.00 5:1.00 6:1.00 7:1.00
  commands by filler words 0..4 (>1 never shown): 0:1.00 1:1.00 2:1.00 3:1.00 4:1.00
  definition + use by number length 1..7 (unseen names, bodies add/add k/subtract k/multiply k): 1:1.00 2:1.00 3:1.00 4:1.00 5:1.00 6:1.00 7:1.00
  unknown command word ('W 12 and 7 .'): no call made or NONE 1.00
    subtract please 2 7 1 6 6 from 3 6 6 5 6 7 . -> 339401  |  multiply please 5 2 0 by 4 0 0 . -> 208000   (truth [339401, 208000] )
    to W0 something , add it to itself . -> None  |  W0 please 5 5 0 0 1 3 . -> 1100026   (truth [None, 1100026] )
    multiply please 6 8 1 by 5 3 1 . -> 361611  |  please subtract the 7 0 7 3 5 0 from 9 8 1 3 6 8 . -> 274018   (truth [361611, 274018] )
    to W0 something , add 6 2 to it . -> None  |  the W0 5 1 9 7 8 . -> 52040   (truth [None, 52040] )
saved results/read_math_k32_runs (112s)
