memory step 1/2500  loss 15.8806  lr 0.003  tau 10.0  elapsed 1s
memory step 500/2500  loss 0.6517  lr 0.003  tau 15.0  elapsed 8s
memory step 1000/2500  loss 0.5888  lr 0.003  tau 16.5  elapsed 12s
memory step 1500/2500  loss 0.5201  lr 0.003  tau 17.6  elapsed 16s
memory step 2000/2500  loss 0.5747  lr 0.003  tau 18.4  elapsed 22s
memory step 2500/2500  loss 0.6030  lr 0.003  tau 19.2  elapsed 25s
fact-present threshold 0.707 (present: min 0.72 mean 0.82; absent: max 0.71 mean 0.49); 27s
ground truth chain_bigger on the story machine (train-length stories, fresh names): exact 1.000
ground truth decide_bigger on the story machine (train-length stories, fresh names): exact 1.000
ground truth decide_knows on the story machine (train-length stories, fresh names): exact 1.000

== chain_bigger: worked examples YES in 8 steps; YES in 8 steps; YES in 8 steps   callable: []
  gen 1  best 1.000  mean 0.457  elapsed 30s
  found at generation 1: init ['SET 4<NONE']  body ['READF 0,bigger>3', 'SAME 3,1>4', 'COPY 3>0']  outro ['ANSWER 4']  stop 1
  chain_bigger winner by chain length 1..10 (>3 never shown): 1:1.00 2:1.00 3:1.00 4:1.00 5:1.00 6:1.00 7:1.00 8:1.00 9:1.00 10:1.00

== decide_bigger: worked examples YES in 6 steps; UNKNOWN in 6 steps; YES in 6 steps   callable: ['chain_bigger']
  gen 1  best 1.000  mean 0.481  elapsed 37s
  found at generation 1: init ['SET 5<UNKNOWN', 'CALL chain_bigger 0,1>3', 'IFYES 3,YES>5']  body ['CALL chain_bigger 1,0>4', 'IFYES 4,NO>5']  outro ['ANSWER 5']  stop 0
  decide_bigger winner by chain length 1..10 (>3 never shown): 1:1.00 2:1.00 3:1.00 4:1.00 5:1.00 6:1.00 7:1.00 8:1.00 9:1.00 10:1.00

== decide_knows: worked examples UNKNOWN in 4 steps; UNKNOWN in 4 steps; UNKNOWN in 4 steps   callable: ['chain_bigger', 'decide_bigger']
  gen 1  best 1.000  mean 0.678  elapsed 46s
  found at generation 1: init []  body ['SET 5<UNKNOWN', 'HASF 0,knows,1>4', 'IFYES 4,YES>5', 'ANSWER 5']  outro []  stop 5
  decide_knows winner by chain length 1..10 (>3 never shown): 1:1.00 2:1.00 3:1.00 4:1.00 5:1.00 6:1.00 7:1.00 8:1.00 9:1.00 10:1.00
decide_bigger at 6 links, by case: UNKNOWN 1.00 (n=145)  YES 1.00 (n=69)  NO 1.00 (n=86)
saved results/story (53s)
