M=64 block=16 gens=16  train records 586 in 10 shapes  buckets=dense_basic,place_value,decompose  frozen=True  reasoner params 75041  rows 221x64
decomposition train records 134
step 1/3000  loss 9.7952  train compose exact 0.000  decompose exact 0.000  lr 3.00e-03  tau 13.6  1s
step 500/3000  loss 1.2985  train compose exact 0.628  decompose exact 0.276  lr 2.80e-03  tau 42.2  45s
step 1000/3000  loss 0.5041  train compose exact 0.896  decompose exact 0.455  lr 2.25e-03  tau 88.0  86s
step 1500/3000  loss 0.2579  train compose exact 0.978  decompose exact 0.537  lr 1.50e-03  tau 137.7  130s
step 2000/3000  loss 0.1896  train compose exact 0.991  decompose exact 0.597  lr 7.50e-04  tau 172.9  179s
step 2500/3000  loss 0.1704  train compose exact 1.000  decompose exact 0.619  lr 2.01e-04  tau 189.3  236s
step 3000/3000  loss 0.1675  train compose exact 1.000  decompose exact 0.619  lr 0.00e+00  tau 192.1  293s
/mnt/nvme990/latent/reasoning_ant/common.py:148: RuntimeWarning: Mean of empty slice.
  if len(k): diff.append(float(torch.real(z[i] @ z[k[rng.integers(len(k))]].conj())))
/mnt/nvme990/latent/.venv/lib/python3.12/site-packages/numpy/_core/_methods.py:145: RuntimeWarning: invalid value encountered in scalar divide
  ret = ret.dtype.type(ret / rcount)
/mnt/nvme990/latent/reasoning_ant/common.py:149: RuntimeWarning: Mean of empty slice.
  if not same: return {"n_same": 0}
/mnt/nvme990/latent/reasoning_ant/common.py:150: RuntimeWarning: Mean of empty slice.
  same, diff = np.array(same), np.array(diff); thr = (same.mean() + diff.mean()) / 2
== validation
  arithmetic_variation [B]                                n= 286  exact 0.017  mrr 0.051
  arithmetic_variation+operator_change [B]                n=   2  exact 0.000  mrr 0.007
  grouping_change [B]                                     n=  14  exact 0.000  mrr 0.022
  place_value [B]                                         n=  88  exact 0.000  mrr 0.015
  grouping_change [C_validation]                          n= 214  spot: same 0.127 diff 0.090 purity 0.540
  operator_change [C_validation]                          n=  26  spot: same 0.308 diff 0.217 purity 0.606
  strict_unseen_addition [C_validation]                   n=  30  spot: same 0.209 diff 0.104 purity 0.567
  strict_unseen_addition+operator_change [C_validation]   n=   2  spot: same 0.197 diff nan purity nan
  strict_unseen_place_value [C_validation]                n= 138  spot: same 0.087 diff 0.066 purity 0.533
  strict_unseen_place_value+grouping_change [C_validation] n=   2  spot: same -0.039 diff nan purity nan
  decompose [A]                                           n=  37  exact canonical 0.000
  intermediate_anchor_hit                                 n= 474  anchor-hit 0.692
== test
  arithmetic_variation [B]                                n= 257  exact 0.012  mrr 0.055
  arithmetic_variation+operator_change [B]                n=   3  exact 0.000  mrr 0.015
  grouping_change [B]                                     n=   6  exact 0.000  mrr 0.050
  operator_change [B]                                     n=   2  exact 0.000  mrr 0.222
  place_value [B]                                         n=  82  exact 0.012  mrr 0.047
  grouping_change [C_test]                                n= 174  spot: same 0.163 diff 0.108 purity 0.586
  operator_change [C_test]                                n=  99  spot: same 0.257 diff 0.157 purity 0.576
  strict_unseen_addition [C_test]                         n=  45  spot: same 0.244 diff 0.175 purity 0.606
  strict_unseen_place_value [C_test]                      n= 144  spot: same 0.107 diff 0.083 purity 0.552
  decompose [A]                                           n=  50  exact canonical 0.000
  intermediate_anchor_hit                                 n= 476  anchor-hit 0.679
== train
  arithmetic_variation [A]                                n= 561  exact 0.007  mrr 0.042
  arithmetic_variation [G]                                n= 204  exact 0.025  mrr 0.071
  arithmetic_variation+operator_change [A]                n=   2  exact 0.000  mrr 0.012
  arithmetic_variation+operator_change [G]                n=   4  exact 0.000  mrr 0.019
  dense_basic [G]                                         n= 203  exact 1.000  mrr 1.000
  dense_basic+operator_change [G]                         n= 112  exact 1.000  mrr 1.000
  dense_basic+place_value [G]                             n=  19  exact 1.000  mrr 1.000
  dense_basic+place_value+operator_change [G]             n=   4  exact 1.000  mrr 1.000
  grouping_change [A]                                     n=  16  exact 0.000  mrr 0.016
  grouping_change [G]                                     n= 128  exact 0.055  mrr 0.117
  operator_change [A]                                     n=   4  exact 0.000  mrr 0.017
  operator_change [G]                                     n=   8  exact 0.000  mrr 0.017
  place_value [A]                                         n= 174  exact 1.000  mrr 1.000
  place_value [G]                                         n=  60  exact 1.000  mrr 1.000
  place_value+arithmetic_variation [G]                    n=   6  exact 1.000  mrr 1.000
  place_value+arithmetic_variation+operator_change [G]    n=   6  exact 1.000  mrr 1.000
  place_value+operator_change [G]                         n=   2  exact 1.000  mrr 1.000
  decompose [B]                                           n=  85  exact canonical 0.600
  decompose [G]                                           n=  49  exact canonical 0.653
  intermediate_anchor_hit                                 n= 523  anchor-hit 0.753
saved results/strict_k8b16_operands_pv (298s)
