M=64 block=16 gens=16  train records 586 in 10 shapes  buckets=dense_basic,place_value,decompose  frozen=True  reasoner params 75041  rows 221x64
decomposition train records 134
step 1/3000  loss 6.5030  train compose exact 0.002  decompose exact 0.000  lr 3.00e-03  tau 13.6  1s
step 500/3000  loss 0.7130  train compose exact 0.802  decompose exact 0.612  lr 2.80e-03  tau 50.2  64s
step 1000/3000  loss 0.1727  train compose exact 0.976  decompose exact 0.948  lr 2.25e-03  tau 101.7  118s
step 1500/3000  loss 0.0827  train compose exact 0.988  decompose exact 0.985  lr 1.50e-03  tau 143.1  178s
step 2000/3000  loss 0.0471  train compose exact 0.998  decompose exact 0.993  lr 7.50e-04  tau 171.4  238s
step 2500/3000  loss 0.0373  train compose exact 0.998  decompose exact 0.993  lr 2.01e-04  tau 184.2  305s
step 3000/3000  loss 0.0358  train compose exact 0.998  decompose exact 0.993  lr 0.00e+00  tau 186.5  374s
/mnt/nvme990/latent/reasoning_ant/common.py:150: RuntimeWarning: Mean of empty slice.
  same, diff = np.array(same), np.array(diff); thr = (same.mean() + diff.mean()) / 2
/mnt/nvme990/latent/.venv/lib/python3.12/site-packages/numpy/_core/_methods.py:145: RuntimeWarning: invalid value encountered in scalar divide
  ret = ret.dtype.type(ret / rcount)
/mnt/nvme990/latent/reasoning_ant/common.py:151: RuntimeWarning: Mean of empty slice.
  return {"n_same": len(same), "cos_same": float(same.mean()), "cos_diff": float(diff.mean()),
/mnt/nvme990/latent/reasoning_ant/common.py:152: RuntimeWarning: Mean of empty slice.
  "purity": float(((same > thr).mean() + (diff <= thr).mean()) / 2)}
== validation
  arithmetic_variation [B]                                n= 286  exact 0.070  mrr 0.100
  arithmetic_variation+operator_change [B]                n=   2  exact 0.000  mrr 0.032
  grouping_change [B]                                     n=  14  exact 0.000  mrr 0.012
  place_value [B]                                         n=  88  exact 0.011  mrr 0.051
  grouping_change [C_validation]                          n= 214  spot: same 0.165 diff 0.141 purity 0.544
  operator_change [C_validation]                          n=  26  spot: same 0.421 diff 0.246 purity 0.685
  strict_unseen_addition [C_validation]                   n=  30  spot: same 0.136 diff 0.108 purity 0.483
  strict_unseen_addition+operator_change [C_validation]   n=   2  spot: same 0.394 diff nan purity nan
  strict_unseen_place_value [C_validation]                n= 138  spot: same 0.143 diff 0.055 purity 0.681
  strict_unseen_place_value+grouping_change [C_validation] n=   2  spot: same 0.028 diff nan purity nan
  decompose [A]                                           n=  37  exact canonical 0.000
  intermediate_anchor_hit                                 n= 474  anchor-hit 0.669
== test
  arithmetic_variation [B]                                n= 257  exact 0.070  mrr 0.111
  arithmetic_variation+operator_change [B]                n=   3  exact 0.000  mrr 0.014
  grouping_change [B]                                     n=   6  exact 0.000  mrr 0.036
  operator_change [B]                                     n=   2  exact 0.000  mrr 0.010
  place_value [B]                                         n=  82  exact 0.012  mrr 0.046
  grouping_change [C_test]                                n= 174  spot: same 0.183 diff 0.166 purity 0.509
  operator_change [C_test]                                n=  99  spot: same 0.346 diff 0.225 purity 0.636
  strict_unseen_addition [C_test]                         n=  45  spot: same 0.238 diff 0.142 purity 0.663
  strict_unseen_place_value [C_test]                      n= 144  spot: same 0.127 diff 0.089 purity 0.615
  decompose [A]                                           n=  50  exact canonical 0.000
  intermediate_anchor_hit                                 n= 476  anchor-hit 0.653
== train
  arithmetic_variation [A]                                n= 561  exact 0.057  mrr 0.116
  arithmetic_variation [G]                                n= 204  exact 0.029  mrr 0.078
  arithmetic_variation+operator_change [A]                n=   2  exact 0.000  mrr 0.026
  arithmetic_variation+operator_change [G]                n=   4  exact 0.000  mrr 0.027
  dense_basic [G]                                         n= 203  exact 1.000  mrr 1.000
  dense_basic+operator_change [G]                         n= 112  exact 1.000  mrr 1.000
  dense_basic+place_value [G]                             n=  19  exact 1.000  mrr 1.000
  dense_basic+place_value+operator_change [G]             n=   4  exact 0.750  mrr 0.875
  grouping_change [A]                                     n=  16  exact 0.000  mrr 0.036
  grouping_change [G]                                     n= 128  exact 0.062  mrr 0.128
  operator_change [A]                                     n=   4  exact 0.000  mrr 0.031
  operator_change [G]                                     n=   8  exact 0.000  mrr 0.131
  place_value [A]                                         n= 174  exact 1.000  mrr 1.000
  place_value [G]                                         n=  60  exact 1.000  mrr 1.000
  place_value+arithmetic_variation [G]                    n=   6  exact 1.000  mrr 1.000
  place_value+arithmetic_variation+operator_change [G]    n=   6  exact 1.000  mrr 1.000
  place_value+operator_change [G]                         n=   2  exact 1.000  mrr 1.000
  decompose [B]                                           n=  85  exact canonical 1.000
  decompose [G]                                           n=  49  exact canonical 0.980
  intermediate_anchor_hit                                 n= 523  anchor-hit 0.713
saved results/strict_k8b16_equation_pv (381s)
