M=64 block=16 gens=16  train records 1513 in 12 shapes  buckets=all  frozen=True  reasoner params 75041  rows 221x64
decomposition train records 134
step 1/3000  loss 6.7694  train compose exact 0.001  decompose exact 0.000  lr 3.00e-03  tau 13.6  1s
step 500/3000  loss 0.8550  train compose exact 0.786  decompose exact 0.627  lr 2.80e-03  tau 52.7  72s
step 1000/3000  loss 0.3116  train compose exact 0.919  decompose exact 0.948  lr 2.25e-03  tau 104.5  137s
step 1500/3000  loss 0.0869  train compose exact 0.987  decompose exact 0.993  lr 1.50e-03  tau 149.5  204s
step 2000/3000  loss 0.0419  train compose exact 0.997  decompose exact 0.993  lr 7.50e-04  tau 179.6  281s
step 2500/3000  loss 0.0302  train compose exact 0.999  decompose exact 0.993  lr 2.01e-04  tau 192.6  359s
step 3000/3000  loss 0.0286  train compose exact 0.999  decompose exact 0.993  lr 0.00e+00  tau 194.9  426s
/mnt/nvme990/latent/reasoning_ant/common.py:150: RuntimeWarning: Mean of empty slice.
  same, diff = np.array(same), np.array(diff); thr = (same.mean() + diff.mean()) / 2
/mnt/nvme990/latent/.venv/lib/python3.12/site-packages/numpy/_core/_methods.py:145: RuntimeWarning: invalid value encountered in scalar divide
  ret = ret.dtype.type(ret / rcount)
/mnt/nvme990/latent/reasoning_ant/common.py:151: RuntimeWarning: Mean of empty slice.
  return {"n_same": len(same), "cos_same": float(same.mean()), "cos_diff": float(diff.mean()),
/mnt/nvme990/latent/reasoning_ant/common.py:152: RuntimeWarning: Mean of empty slice.
  "purity": float(((same > thr).mean() + (diff <= thr).mean()) / 2)}
== validation
  arithmetic_variation [B]                                n= 286  exact 0.122  mrr 0.164
  arithmetic_variation+operator_change [B]                n=   2  exact 0.000  mrr 0.021
  grouping_change [B]                                     n=  14  exact 0.000  mrr 0.023
  place_value [B]                                         n=  88  exact 0.000  mrr 0.034
  grouping_change [C_validation]                          n= 214  spot: same 0.149 diff 0.134 purity 0.509
  operator_change [C_validation]                          n=  26  spot: same 0.343 diff 0.181 purity 0.824
  strict_unseen_addition [C_validation]                   n=  30  spot: same 0.214 diff 0.126 purity 0.683
  strict_unseen_addition+operator_change [C_validation]   n=   2  spot: same 0.333 diff nan purity nan
  strict_unseen_place_value [C_validation]                n= 138  spot: same 0.130 diff 0.086 purity 0.601
  strict_unseen_place_value+grouping_change [C_validation] n=   2  spot: same -0.081 diff nan purity nan
  decompose [A]                                           n=  37  exact canonical 0.000
  intermediate_anchor_hit                                 n= 474  anchor-hit 0.692
== test
  arithmetic_variation [B]                                n= 257  exact 0.136  mrr 0.177
  arithmetic_variation+operator_change [B]                n=   3  exact 0.000  mrr 0.029
  grouping_change [B]                                     n=   6  exact 0.000  mrr 0.033
  operator_change [B]                                     n=   2  exact 0.000  mrr 0.014
  place_value [B]                                         n=  82  exact 0.012  mrr 0.055
  grouping_change [C_test]                                n= 174  spot: same 0.133 diff 0.156 purity 0.506
  operator_change [C_test]                                n=  99  spot: same 0.278 diff 0.149 purity 0.707
  strict_unseen_addition [C_test]                         n=  45  spot: same 0.202 diff 0.169 purity 0.517
  strict_unseen_place_value [C_test]                      n= 144  spot: same 0.141 diff 0.090 purity 0.590
  decompose [A]                                           n=  50  exact canonical 0.000
  intermediate_anchor_hit                                 n= 476  anchor-hit 0.679
== train
  arithmetic_variation [A]                                n= 561  exact 1.000  mrr 1.000
  arithmetic_variation [G]                                n= 204  exact 1.000  mrr 1.000
  arithmetic_variation+operator_change [A]                n=   2  exact 1.000  mrr 1.000
  arithmetic_variation+operator_change [G]                n=   4  exact 1.000  mrr 1.000
  dense_basic [G]                                         n= 203  exact 1.000  mrr 1.000
  dense_basic+operator_change [G]                         n= 112  exact 0.991  mrr 0.996
  dense_basic+place_value [G]                             n=  19  exact 1.000  mrr 1.000
  dense_basic+place_value+operator_change [G]             n=   4  exact 1.000  mrr 1.000
  grouping_change [A]                                     n=  16  exact 1.000  mrr 1.000
  grouping_change [G]                                     n= 128  exact 1.000  mrr 1.000
  operator_change [A]                                     n=   4  exact 1.000  mrr 1.000
  operator_change [G]                                     n=   8  exact 1.000  mrr 1.000
  place_value [A]                                         n= 174  exact 1.000  mrr 1.000
  place_value [G]                                         n=  60  exact 1.000  mrr 1.000
  place_value+arithmetic_variation [G]                    n=   6  exact 1.000  mrr 1.000
  place_value+arithmetic_variation+operator_change [G]    n=   6  exact 1.000  mrr 1.000
  place_value+operator_change [G]                         n=   2  exact 1.000  mrr 1.000
  decompose [B]                                           n=  85  exact canonical 1.000
  decompose [G]                                           n=  49  exact canonical 0.980
  intermediate_anchor_hit                                 n= 523  anchor-hit 0.753
saved results/strict_k8b16_equation_all (431s)
