M=16 block=4 gens=16  train records 586 in 10 shapes  buckets=dense_basic,place_value,decompose  frozen=False  reasoner params 14944  rows 221x16
decomposition train records 134
step 1/3000  loss 7.5743  train compose exact 0.003  decompose exact 0.000  lr 3.00e-03  tau 10.0  2s
step 500/3000  loss 0.0151  train compose exact 1.000  decompose exact 1.000  lr 2.80e-03  tau 16.3  66s
step 1000/3000  loss 0.0036  train compose exact 1.000  decompose exact 1.000  lr 2.25e-03  tau 18.2  124s
step 1500/3000  loss 0.0018  train compose exact 1.000  decompose exact 1.000  lr 1.50e-03  tau 19.2  187s
step 2000/3000  loss 0.0012  train compose exact 1.000  decompose exact 1.000  lr 7.50e-04  tau 19.7  250s
step 2500/3000  loss 0.0011  train compose exact 1.000  decompose exact 1.000  lr 2.01e-04  tau 19.9  309s
step 3000/3000  loss 0.0010  train compose exact 1.000  decompose exact 1.000  lr 0.00e+00  tau 19.9  369s
/mnt/nvme990/latent/reasoning_ant/common.py:150: RuntimeWarning: Mean of empty slice.
  same, diff = np.array(same), np.array(diff); thr = (same.mean() + diff.mean()) / 2
/mnt/nvme990/latent/.venv/lib/python3.12/site-packages/numpy/_core/_methods.py:145: RuntimeWarning: invalid value encountered in scalar divide
  ret = ret.dtype.type(ret / rcount)
/mnt/nvme990/latent/reasoning_ant/common.py:151: RuntimeWarning: Mean of empty slice.
  return {"n_same": len(same), "cos_same": float(same.mean()), "cos_diff": float(diff.mean()),
/mnt/nvme990/latent/reasoning_ant/common.py:152: RuntimeWarning: Mean of empty slice.
  "purity": float(((same > thr).mean() + (diff <= thr).mean()) / 2)}
== validation
  arithmetic_variation [B]                                n= 286  exact 0.014  mrr 0.043
  arithmetic_variation+operator_change [B]                n=   2  exact 0.000  mrr 0.020
  grouping_change [B]                                     n=  14  exact 0.071  mrr 0.088
  place_value [B]                                         n=  88  exact 0.000  mrr 0.017
  grouping_change [C_validation]                          n= 214  spot: same 0.138 diff 0.061 purity 0.584
  operator_change [C_validation]                          n=  26  spot: same 0.429 diff 0.134 purity 0.726
  strict_unseen_addition [C_validation]                   n=  30  spot: same 0.124 diff 0.011 purity 0.683
  strict_unseen_addition+operator_change [C_validation]   n=   2  spot: same 0.477 diff nan purity nan
  strict_unseen_place_value [C_validation]                n= 138  spot: same 0.123 diff -0.013 purity 0.674
  strict_unseen_place_value+grouping_change [C_validation] n=   2  spot: same 0.355 diff nan purity nan
  decompose [A]                                           n=  37  exact canonical 0.000
  intermediate_anchor_hit                                 n= 474  anchor-hit 0.696
== test
  arithmetic_variation [B]                                n= 257  exact 0.043  mrr 0.075
  arithmetic_variation+operator_change [B]                n=   3  exact 0.000  mrr 0.009
  grouping_change [B]                                     n=   6  exact 0.000  mrr 0.025
  operator_change [B]                                     n=   2  exact 0.000  mrr 0.011
  place_value [B]                                         n=  82  exact 0.000  mrr 0.015
  grouping_change [C_test]                                n= 174  spot: same 0.152 diff 0.017 purity 0.575
  operator_change [C_test]                                n=  99  spot: same 0.427 diff 0.054 purity 0.722
  strict_unseen_addition [C_test]                         n=  45  spot: same 0.186 diff -0.015 purity 0.561
  strict_unseen_place_value [C_test]                      n= 144  spot: same 0.157 diff 0.005 purity 0.701
  decompose [A]                                           n=  50  exact canonical 0.000
  intermediate_anchor_hit                                 n= 476  anchor-hit 0.679
== train
  arithmetic_variation [A]                                n= 561  exact 0.029  mrr 0.058
  arithmetic_variation [G]                                n= 204  exact 0.029  mrr 0.054
  arithmetic_variation+operator_change [A]                n=   2  exact 0.000  mrr 0.007
  arithmetic_variation+operator_change [G]                n=   4  exact 0.000  mrr 0.096
  dense_basic [G]                                         n= 203  exact 1.000  mrr 1.000
  dense_basic+operator_change [G]                         n= 112  exact 1.000  mrr 1.000
  dense_basic+place_value [G]                             n=  19  exact 1.000  mrr 1.000
  dense_basic+place_value+operator_change [G]             n=   4  exact 1.000  mrr 1.000
  grouping_change [A]                                     n=  16  exact 0.000  mrr 0.014
  grouping_change [G]                                     n= 128  exact 0.375  mrr 0.445
  operator_change [A]                                     n=   4  exact 0.000  mrr 0.028
  operator_change [G]                                     n=   8  exact 0.000  mrr 0.096
  place_value [A]                                         n= 174  exact 1.000  mrr 1.000
  place_value [G]                                         n=  60  exact 1.000  mrr 1.000
  place_value+arithmetic_variation [G]                    n=   6  exact 1.000  mrr 1.000
  place_value+arithmetic_variation+operator_change [G]    n=   6  exact 1.000  mrr 1.000
  place_value+operator_change [G]                         n=   2  exact 1.000  mrr 1.000
  decompose [B]                                           n=  85  exact canonical 1.000
  decompose [G]                                           n=  49  exact canonical 1.000
  intermediate_anchor_hit                                 n= 523  anchor-hit 0.755
saved results/v4_k4b4g16_pv (374s)
